Component: ARM Compiler 5.06 update 6 (build 750) Tool: armlink [4d35ed]

==============================================================================

Section Cross References

    startup_stm32f103xe.o(RESET) refers to startup_stm32f103xe.o(STACK) for __initial_sp
    startup_stm32f103xe.o(RESET) refers to startup_stm32f103xe.o(.text) for Reset_Handler
    startup_stm32f103xe.o(RESET) refers to stm32f1xx_it.o(i.NMI_Handler) for NMI_Handler
    startup_stm32f103xe.o(RESET) refers to stm32f1xx_it.o(i.HardFault_Handler) for HardFault_Handler
    startup_stm32f103xe.o(RESET) refers to stm32f1xx_it.o(i.MemManage_Handler) for MemManage_Handler
    startup_stm32f103xe.o(RESET) refers to stm32f1xx_it.o(i.BusFault_Handler) for BusFault_Handler
    startup_stm32f103xe.o(RESET) refers to stm32f1xx_it.o(i.UsageFault_Handler) for UsageFault_Handler
    startup_stm32f103xe.o(RESET) refers to stm32f1xx_it.o(i.SVC_Handler) for SVC_Handler
    startup_stm32f103xe.o(RESET) refers to stm32f1xx_it.o(i.DebugMon_Handler) for DebugMon_Handler
    startup_stm32f103xe.o(RESET) refers to stm32f1xx_it.o(i.PendSV_Handler) for PendSV_Handler
    startup_stm32f103xe.o(RESET) refers to stm32f1xx_it.o(i.SysTick_Handler) for SysTick_Handler
    startup_stm32f103xe.o(RESET) refers to stm32f1xx_it.o(i.TIM2_IRQHandler) for TIM2_IRQHandler
    startup_stm32f103xe.o(RESET) refers to stm32f1xx_it.o(i.USART2_IRQHandler) for USART2_IRQHandler
    startup_stm32f103xe.o(.text) refers to system_stm32f1xx.o(i.SystemInit) for SystemInit
    startup_stm32f103xe.o(.text) refers to entry.o(.ARM.Collect$$$$00000000) for __main
    hal_delay.o(i.delay_us) refers to stm32f1xx_hal_tim.o(i.HAL_TIM_Base_Start) for HAL_TIM_Base_Start
    hal_delay.o(i.delay_us) refers to stm32f1xx_hal_tim.o(i.HAL_TIM_Base_Stop) for HAL_TIM_Base_Stop
    hal_delay.o(i.delay_us) refers to tim.o(.bss) for htim3
    hal_dht11.o(i.DHT11_IO_IN) refers to stm32f1xx_hal_gpio.o(i.HAL_GPIO_Init) for HAL_GPIO_Init
    hal_dht11.o(i.DHT11_IO_OUT) refers to stm32f1xx_hal_gpio.o(i.HAL_GPIO_Init) for HAL_GPIO_Init
    hal_dht11.o(i.dht11Check) refers to hal_dht11.o(i.DHT11_IO_IN) for DHT11_IO_IN
    hal_dht11.o(i.dht11Check) refers to hal_delay.o(i.delay_us) for delay_us
    hal_dht11.o(i.dht11Check) refers to stm32f1xx_hal_gpio.o(i.HAL_GPIO_ReadPin) for HAL_GPIO_ReadPin
    hal_dht11.o(i.dht11Init) refers to hal_dht11.o(i.dht11Rst) for dht11Rst
    hal_dht11.o(i.dht11Init) refers to memseta.o(.text) for __aeabi_memclr
    hal_dht11.o(i.dht11Init) refers to printf8.o(i.__0printf$8) for __2printf
    hal_dht11.o(i.dht11Init) refers to hal_dht11.o(i.dht11Check) for dht11Check
    hal_dht11.o(i.dht11Init) refers to hal_dht11.o(.bss) for .bss
    hal_dht11.o(i.dht11Read) refers to hal_dht11.o(i.dht11Rst) for dht11Rst
    hal_dht11.o(i.dht11Read) refers to hal_dht11.o(i.dht11Check) for dht11Check
    hal_dht11.o(i.dht11Read) refers to hal_dht11.o(i.dht11ReadByte) for dht11ReadByte
    hal_dht11.o(i.dht11ReadByte) refers to hal_delay.o(i.delay_us) for delay_us
    hal_dht11.o(i.dht11ReadByte) refers to stm32f1xx_hal_gpio.o(i.HAL_GPIO_ReadPin) for HAL_GPIO_ReadPin
    hal_dht11.o(i.dht11Rst) refers to hal_dht11.o(i.DHT11_IO_OUT) for DHT11_IO_OUT
    hal_dht11.o(i.dht11Rst) refers to stm32f1xx_hal_gpio.o(i.HAL_GPIO_WritePin) for HAL_GPIO_WritePin
    hal_dht11.o(i.dht11Rst) refers to stm32f1xx_hal.o(i.HAL_Delay) for HAL_Delay
    hal_dht11.o(i.dht11Rst) refers to hal_delay.o(i.delay_us) for delay_us
    main.o(i.SystemClock_Config) refers to memseta.o(.text) for __aeabi_memclr4
    main.o(i.SystemClock_Config) refers to stm32f1xx_hal_rcc.o(i.HAL_RCC_OscConfig) for HAL_RCC_OscConfig
    main.o(i.SystemClock_Config) refers to stm32f1xx_hal_rcc.o(i.HAL_RCC_ClockConfig) for HAL_RCC_ClockConfig
    main.o(i.key1LongPress) refers to printf8.o(i.__0printf$8) for __2printf
    main.o(i.key1LongPress) refers to gizwits_protocol.o(i.gizwitsSetMode) for gizwitsSetMode
    main.o(i.key1ShortPress) refers to printf8.o(i.__0printf$8) for __2printf
    main.o(i.key1ShortPress) refers to gizwits_protocol.o(i.gizwitsSetMode) for gizwitsSetMode
    main.o(i.key2LongPress) refers to printf8.o(i.__0printf$8) for __2printf
    main.o(i.key2LongPress) refers to gizwits_protocol.o(i.gizwitsSetMode) for gizwitsSetMode
    main.o(i.key2ShortPress) refers to printf8.o(i.__0printf$8) for __2printf
    main.o(i.key2ShortPress) refers to gizwits_protocol.o(i.gizwitsSetMode) for gizwitsSetMode
    main.o(i.keyInit) refers to hal_key.o(i.keyInitOne) for keyInitOne
    main.o(i.keyInit) refers to memcpya.o(.text) for __aeabi_memcpy
    main.o(i.keyInit) refers to hal_key.o(i.keyParaInit) for keyParaInit
    main.o(i.keyInit) refers to main.o(i.key1LongPress) for key1LongPress
    main.o(i.keyInit) refers to main.o(i.key1ShortPress) for key1ShortPress
    main.o(i.keyInit) refers to main.o(.bss) for .bss
    main.o(i.keyInit) refers to main.o(i.key2LongPress) for key2LongPress
[...]
    Removing stm32f1xx_hal_uart.o(i.HAL_HalfDuplex_Init), (108 bytes).
    Removing stm32f1xx_hal_uart.o(i.HAL_LIN_Init), (128 bytes).
    Removing stm32f1xx_hal_uart.o(i.HAL_LIN_SendBreak), (46 bytes).
    Removing stm32f1xx_hal_uart.o(i.HAL_MultiProcessor_EnterMuteMode), (46 bytes).
    Removing stm32f1xx_hal_uart.o(i.HAL_MultiProcessor_ExitMuteMode), (46 bytes).
    Removing stm32f1xx_hal_uart.o(i.HAL_MultiProcessor_Init), (142 bytes).
    Removing stm32f1xx_hal_uart.o(i.HAL_UART_Abort), (138 bytes).
    Removing stm32f1xx_hal_uart.o(i.HAL_UART_AbortCpltCallback), (2 bytes).
    Removing stm32f1xx_hal_uart.o(i.HAL_UART_AbortReceive), (88 bytes).
    Removing stm32f1xx_hal_uart.o(i.HAL_UART_AbortReceiveCpltCallback), (2 bytes).
    Removing stm32f1xx_hal_uart.o(i.HAL_UART_AbortReceive_IT), (92 bytes).
    Removing stm32f1xx_hal_uart.o(i.HAL_UART_AbortTransmit), (78 bytes).
    Removing stm32f1xx_hal_uart.o(i.HAL_UART_AbortTransmitCpltCallback), (2 bytes).
    Removing stm32f1xx_hal_uart.o(i.HAL_UART_AbortTransmit_IT), (84 bytes).
    Removing stm32f1xx_hal_uart.o(i.HAL_UART_Abort_IT), (172 bytes).
    Removing stm32f1xx_hal_uart.o(i.HAL_UART_DMAPause), (102 bytes).
    Removing stm32f1xx_hal_uart.o(i.HAL_UART_DMAResume), (94 bytes).
    Removing stm32f1xx_hal_uart.o(i.HAL_UART_DMAStop), (88 bytes).
    Removing stm32f1xx_hal_uart.o(i.HAL_UART_DeInit), (50 bytes).
    Removing stm32f1xx_hal_uart.o(i.HAL_UART_GetError), (4 bytes).
    Removing stm32f1xx_hal_uart.o(i.HAL_UART_GetState), (10 bytes).
    Removing stm32f1xx_hal_uart.o(i.HAL_UART_MspDeInit), (2 bytes).
    Removing stm32f1xx_hal_uart.o(i.HAL_UART_MspInit), (2 bytes).
    Removing stm32f1xx_hal_uart.o(i.HAL_UART_Receive), (188 bytes).
    Removing stm32f1xx_hal_uart.o(i.HAL_UART_Receive_DMA), (152 bytes).
    Removing stm32f1xx_hal_uart.o(i.HAL_UART_RxCpltCallback), (2 bytes).
    Removing stm32f1xx_hal_uart.o(i.HAL_UART_RxHalfCpltCallback), (2 bytes).
    Removing stm32f1xx_hal_uart.o(i.HAL_UART_Transmit_DMA), (128 bytes).
    Removing stm32f1xx_hal_uart.o(i.HAL_UART_TxHalfCpltCallback), (2 bytes).
    Removing stm32f1xx_hal_uart.o(i.UART_DMAError), (74 bytes).
    Removing stm32f1xx_hal_uart.o(i.UART_DMAReceiveCplt), (60 bytes).
    Removing stm32f1xx_hal_uart.o(i.UART_DMARxAbortCallback), (42 bytes).
    Removing stm32f1xx_hal_uart.o(i.UART_DMARxHalfCplt), (10 bytes).
    Removing stm32f1xx_hal_uart.o(i.UART_DMARxOnlyAbortCallback), (20 bytes).
    Removing stm32f1xx_hal_uart.o(i.UART_DMATransmitCplt), (46 bytes).
    Removing stm32f1xx_hal_uart.o(i.UART_DMATxAbortCallback), (42 bytes).
    Removing stm32f1xx_hal_uart.o(i.UART_DMATxHalfCplt), (10 bytes).
    Removing stm32f1xx_hal_uart.o(i.UART_DMATxOnlyAbortCallback), (20 bytes).
    Removing stm32f1xx_hal_uart.o(i.UART_EndTxTransfer), (18 bytes).
    Removing system_stm32f1xx.o(.rev16_text), (4 bytes).
    Removing system_stm32f1xx.o(.revsh_text), (4 bytes).
    Removing system_stm32f1xx.o(.rrx_text), (6 bytes).
    Removing system_stm32f1xx.o(i.SystemCoreClockUpdate), (104 bytes).
    Removing hal_key.o(.rev16_text), (4 bytes).
    Removing hal_key.o(.revsh_text), (4 bytes).
    Removing hal_key.o(.rrx_text), (6 bytes).
    Removing common.o(i.char2hex), (86 bytes).
    Removing common.o(i.checkStringIsNotZero), (36 bytes).
    Removing common.o(i.hex2Str), (56 bytes).
    Removing common.o(i.isleap), (38 bytes).
    Removing common.o(i.returnNtp2Wt), (276 bytes).
    Removing common.o(i.returnWeekDay), (90 bytes).
    Removing common.o(i.str2Hex), (80 bytes).
    Removing common.o(.constdata), (48 bytes).
    Removing datapointtools.o(i.gizAcrossByteJudge), (30 bytes).
    Removing datapointtools.o(i.gizByteOrderExchange), (36 bytes).
    Removing datapointtools.o(i.gizStandardCompressValue), (80 bytes).
    Removing datapointtools.o(i.gizStandardDecompressionValue), (130 bytes).
    Removing datapointtools.o(i.gizVarlenCompressValue), (76 bytes).
    Removing datapointtools.o(i.gizVarlenDecompressionValue), (136 bytes).
    Removing datapointtools.o(i.gizX2Y), (6 bytes).
    Removing datapointtools.o(i.gizX2YFloat), (28 bytes).
    Removing datapointtools.o(i.gizY2XFloat), (24 bytes).
    Removing ringbuffer.o(i.rbDelete), (22 bytes).
    Removing gizwits_product.o(.rev16_text), (4 bytes).
    Removing gizwits_product.o(.revsh_text), (4 bytes).
    Removing gizwits_product.o(.rrx_text), (6 bytes).
    Removing gizwits_protocol.o(.rev16_text), (4 bytes).
    Removing gizwits_protocol.o(.revsh_text), (4 bytes).
    Removing gizwits_protocol.o(.rrx_text), (6 bytes).
    Removing gizwits_protocol.o(i.gizwitsGetModuleInfo), (120 bytes).
    Removing gizwits_protocol.o(i.gizwitsGetNTP), (116 bytes).
    Removing gizwits_protocol.o(i.gizwitsPassthroughData), (212 bytes).
    Removing fadd.o(.text), (176 bytes).
    Removing fmul.o(.text), (100 bytes).
    Removing fdiv.o(.text), (124 bytes).
    Removing ffltui.o(.text), (10 bytes).
    Removing ffixui.o(.text), (40 bytes).
    Removing fepilogue.o(.text), (110 bytes).
    Removing dadd.o(.text), (334 bytes).
    Removing dmul.o(.text), (228 bytes).
    Removing ddiv.o(.text), (222 bytes).
    Removing dfixul.o(.text), (48 bytes).
    Removing cdrcmple.o(.text), (48 bytes).
    Removing depilogue.o(.text), (186 bytes).

413 unused section(s) (total 29270 bytes) removed from the image.

==============================================================================

Image Symbol Table

    Local Symbols

    Symbol Name                              Value     Ov Type        Size  Object(Section)

    ../Core/Src/gpio.c                       0x00000000   Number         0  gpio.o ABSOLUTE
    ../Core/Src/main.c                       0x00000000   Number         0  main.o ABSOLUTE
    ../Core/Src/stm32f1xx_hal_msp.c          0x00000000   Number         0  stm32f1xx_hal_msp.o ABSOLUTE
    ../Core/Src/stm32f1xx_it.c               0x00000000   Number         0  stm32f1xx_it.o ABSOLUTE
    ../Core/Src/system_stm32f1xx.c           0x00000000   Number         0  system_stm32f1xx.o ABSOLUTE
    ../Core/Src/tim.c                        0x00000000   Number         0  tim.o ABSOLUTE
    ../Core/Src/usart.c                      0x00000000   Number         0  usart.o ABSOLUTE
    ../Drivers/STM32F1xx_HAL_Driver/Src/stm32f1xx_hal.c 0x00000000   Number         0  stm32f1xx_hal.o ABSOLUTE
    ../Drivers/STM32F1xx_HAL_Driver/Src/stm32f1xx_hal_cortex.c 0x00000000   Number         0  stm32f1xx_hal_cortex.o ABSOLUTE
    ../Drivers/STM32F1xx_HAL_Driver/Src/stm32f1xx_hal_dma.c 0x00000000   Number         0  stm32f1xx_hal_dma.o ABSOLUTE
    ../Drivers/STM32F1xx_HAL_Driver/Src/stm32f1xx_hal_exti.c 0x00000000   Number         0  stm32f1xx_hal_exti.o ABSOLUTE
    ../Drivers/STM32F1xx_HAL_Driver/Src/stm32f1xx_hal_flash.c 0x00000000   Number         0  stm32f1xx_hal_flash.o ABSOLUTE
    ../Drivers/STM32F1xx_HAL_Driver/Src/stm32f1xx_hal_flash_ex.c 0x00000000   Number         0  stm32f1xx_hal_flash_ex.o ABSOLUTE
    ../Drivers/STM32F1xx_HAL_Driver/Src/stm32f1xx_hal_gpio.c 0x00000000   Number         0  stm32f1xx_hal_gpio.o ABSOLUTE
    ../Drivers/STM32F1xx_HAL_Driver/Src/stm32f1xx_hal_gpio_ex.c 0x00000000   Number         0  stm32f1xx_hal_gpio_ex.o ABSOLUTE
    ../Drivers/STM32F1xx_HAL_Driver/Src/stm32f1xx_hal_pwr.c 0x00000000   Number         0  stm32f1xx_hal_pwr.o ABSOLUTE
    ../Drivers/STM32F1xx_HAL_Driver/Src/stm32f1xx_hal_rcc.c 0x00000000   Number         0  stm32f1xx_hal_rcc.o ABSOLUTE
    ../Drivers/STM32F1xx_HAL_Driver/Src/stm32f1xx_hal_rcc_ex.c 0x00000000   Number         0  stm32f1xx_hal_rcc_ex.o ABSOLUTE
    ../Drivers/STM32F1xx_HAL_Driver/Src/stm32f1xx_hal_tim.c 0x00000000   Number         0  stm32f1xx_hal_tim.o ABSOLUTE
    ../Drivers/STM32F1xx_HAL_Driver/Src/stm32f1xx_hal_tim_ex.c 0x00000000   Number         0  stm32f1xx_hal_tim_ex.o ABSOLUTE
    ../Drivers/STM32F1xx_HAL_Driver/Src/stm32f1xx_hal_uart.c 0x00000000   Number         0  stm32f1xx_hal_uart.o ABSOLUTE
    ../clib/microlib/ctype/toupper.c         0x00000000   Number         0  toupper.o ABSOLUTE
    ../clib/microlib/division.c              0x00000000   Number         0  uidiv.o ABSOLUTE
    ../clib/microlib/division.c              0x00000000   Number         0  uldiv.o ABSOLUTE
    ../clib/microlib/init/entry.s            0x00000000   Number         0  entry9b.o ABSOLUTE
    ../clib/microlib/init/entry.s            0x00000000   Number         0  entry2.o ABSOLUTE
    ../clib/microlib/init/entry.s            0x00000000   Number         0  entry5.o ABSOLUTE
    ../clib/microlib/init/entry.s            0x00000000   Number         0  entry11b.o ABSOLUTE
    ../clib/microlib/init/entry.s            0x00000000   Number         0  entry8a.o ABSOLUTE
    ../clib/microlib/init/entry.s            0x00000000   Number         0  entry7b.o ABSOLUTE
    ../clib/microlib/init/entry.s            0x00000000   Number         0  entry8b.o ABSOLUTE
    ../clib/microlib/init/entry.s            0x00000000   Number         0  entry9a.o ABSOLUTE
    ../clib/microlib/init/entry.s            0x00000000   Number         0  entry7a.o ABSOLUTE
    ../clib/microlib/init/entry.s            0x00000000   Number         0  entry10a.o ABSOLUTE
    ../clib/microlib/init/entry.s            0x00000000   Number         0  entry10b.o ABSOLUTE
    ../clib/microlib/init/entry.s            0x00000000   Number         0  entry11a.o ABSOLUTE
    ../clib/microlib/init/entry.s            0x00000000   Number         0  entry.o ABSOLUTE
    ../clib/microlib/longlong.c              0x00000000   Number         0  llushr.o ABSOLUTE
    ../clib/microlib/longlong.c              0x00000000   Number         0  llshl.o ABSOLUTE
    ../clib/microlib/longlong.c              0x00000000   Number         0  llsshr.o ABSOLUTE
    ../clib/microlib/printf/printf.c         0x00000000   Number         0  printf2.o ABSOLUTE
    ../clib/microlib/printf/printf.c         0x00000000   Number         0  printf1.o ABSOLUTE
    ../clib/microlib/printf/printf.c         0x00000000   Number         0  printf0.o ABSOLUTE
    ../clib/microlib/printf/printf.c         0x00000000   Number         0  printfb.o ABSOLUTE
    ../clib/microlib/printf/printf.c         0x00000000   Number         0  printf4.o ABSOLUTE
    ../clib/microlib/printf/printf.c         0x00000000   Number         0  printfa.o ABSOLUTE
    ../clib/microlib/printf/printf.c         0x00000000   Number         0  printf8.o ABSOLUTE
    ../clib/microlib/printf/printf.c         0x00000000   Number         0  printf7.o ABSOLUTE
    ../clib/microlib/printf/printf.c         0x00000000   Number         0  printf6.o ABSOLUTE
    ../clib/microlib/printf/printf.c         0x00000000   Number         0  printf5.o ABSOLUTE
    ../clib/microlib/printf/printf.c         0x00000000   Number         0  printf3.o ABSOLUTE
    ../clib/microlib/printf/stubs.s          0x00000000   Number         0  stubs.o ABSOLUTE
    ../clib/microlib/stdio/streams.c         0x00000000   Number         0  stdout.o ABSOLUTE
    ../clib/microlib/string/memcpy.c         0x00000000   Number         0  memcpya.o ABSOLUTE
    ../clib/microlib/string/memcpy.c         0x00000000   Number         0  memcpyb.o ABSOLUTE
    ../clib/microlib/string/memset.c         0x00000000   Number         0  memseta.o ABSOLUTE
    ../clib/microlib/string/strlen.c         0x00000000   Number         0  strlen.o ABSOLUTE
    ../clib/microlib/stubs.s                 0x00000000   Number         0  iusefp.o ABSOLUTE
    ../fplib/microlib/fpadd.c                0x00000000   Number         0  fadd.o ABSOLUTE
    ../fplib/microlib/fpadd.c                0x00000000   Number         0  dadd.o ABSOLUTE
    ../fplib/microlib/fpdiv.c                0x00000000   Number         0  fdiv.o ABSOLUTE
    ../fplib/microlib/fpdiv.c                0x00000000   Number         0  ddiv.o ABSOLUTE
    ../fplib/microlib/fpepilogue.c           0x00000000   Number         0  depilogue.o ABSOLUTE
    ../fplib/microlib/fpepilogue.c           0x00000000   Number         0  fepilogue.o ABSOLUTE
    ../fplib/microlib/fpfix.c                0x00000000   Number         0  dfixul.o ABSOLUTE
    ../fplib/microlib/fpfix.c                0x00000000   Number         0  ffixui.o ABSOLUTE
    ../fplib/microlib/fpflt.c                0x00000000   Number         0  ffltui.o ABSOLUTE
    ../fplib/microlib/fpmul.c                0x00000000   Number         0  fmul.o ABSOLUTE
    ../fplib/microlib/fpmul.c                0x00000000   Number         0  dmul.o ABSOLUTE
    ..\Core\Src\gpio.c                       0x00000000   Number         0  gpio.o ABSOLUTE
    ..\Core\Src\main.c                       0x00000000   Number         0  main.o ABSOLUTE
    ..\Core\Src\stm32f1xx_hal_msp.c          0x00000000   Number         0  stm32f1xx_hal_msp.o ABSOLUTE
    ..\Core\Src\stm32f1xx_it.c               0x00000000   Number         0  stm32f1xx_it.o ABSOLUTE
    ..\Core\Src\system_stm32f1xx.c           0x00000000   Number         0  system_stm32f1xx.o ABSOLUTE
    ..\Core\Src\tim.c                        0x00000000   Number         0  tim.o ABSOLUTE
    ..\Core\Src\usart.c                      0x00000000   Number         0  usart.o ABSOLUTE
    ..\Drivers\STM32F1xx_HAL_Driver\Src\stm32f1xx_hal.c 0x00000000   Number         0  stm32f1xx_hal.o ABSOLUTE
    ..\Drivers\STM32F1xx_HAL_Driver\Src\stm32f1xx_hal_cortex.c 0x00000000   Number         0  stm32f1xx_hal_cortex.o ABSOLUTE
    ..\Drivers\STM32F1xx_HAL_Driver\Src\stm32f1xx_hal_dma.c 0x00000000   Number         0  stm32f1xx_hal_dma.o ABSOLUTE
    ..\Drivers\STM32F1xx_HAL_Driver\Src\stm32f1xx_hal_exti.c 0x00000000   Number         0  stm32f1xx_hal_exti.o ABSOLUTE
    ..\Drivers\STM32F1xx_HAL_Driver\Src\stm32f1xx_hal_flash.c 0x00000000   Number         0  stm32f1xx_hal_flash.o ABSOLUTE
    ..\Drivers\STM32F1xx_HAL_Driver\Src\stm32f1xx_hal_flash_ex.c 0x00000000   Number         0  stm32f1xx_hal_flash_ex.o ABSOLUTE
    ..\Drivers\STM32F1xx_HAL_Driver\Src\stm32f1xx_hal_gpio.c 0x00000000   Number         0  stm32f1xx_hal_gpio.o ABSOLUTE
    ..\Drivers\STM32F1xx_HAL_Driver\Src\stm32f1xx_hal_gpio_ex.c 0x00000000   Number         0  stm32f1xx_hal_gpio_ex.o ABSOLUTE
    ..\Drivers\STM32F1xx_HAL_Driver\Src\stm32f1xx_hal_pwr.c 0x00000000   Number         0  stm32f1xx_hal_pwr.o ABSOLUTE
    ..\Drivers\STM32F1xx_HAL_Driver\Src\stm32f1xx_hal_rcc.c 0x00000000   Number         0  stm32f1xx_hal_rcc.o ABSOLUTE
    ..\Drivers\STM32F1xx_HAL_Driver\Src\stm32f1xx_hal_rcc_ex.c 0x00000000   Number         0  stm32f1xx_hal_rcc_ex.o ABSOLUTE
    ..\Drivers\STM32F1xx_HAL_Driver\Src\stm32f1xx_hal_tim.c 0x00000000   Number         0  stm32f1xx_hal_tim.o ABSOLUTE
    ..\Drivers\STM32F1xx_HAL_Driver\Src\stm32f1xx_hal_tim_ex.c 0x00000000   Number         0  stm32f1xx_hal_tim_ex.o ABSOLUTE
    ..\Drivers\STM32F1xx_HAL_Driver\Src\stm32f1xx_hal_uart.c 0x00000000   Number         0  stm32f1xx_hal_uart.o ABSOLUTE
    ..\Gizwits\gizwits_product.c             0x00000000   Number         0  gizwits_product.o ABSOLUTE
    ..\Gizwits\gizwits_protocol.c            0x00000000   Number         0  gizwits_protocol.o ABSOLUTE
    ..\Hal\hal_key.c                         0x00000000   Number         0  hal_key.o ABSOLUTE
    ..\Utils\common.c                        0x00000000   Number         0  common.o ABSOLUTE
    ..\Utils\dataPointTools.c                0x00000000   Number         0  datapointtools.o ABSOLUTE
    ..\Utils\ringbuffer.c                    0x00000000   Number         0  ringbuffer.o ABSOLUTE
    ..\\Gizwits\\gizwits_product.c           0x00000000   Number         0  gizwits_product.o ABSOLUTE
    ..\\Gizwits\\gizwits_protocol.c          0x00000000   Number         0  gizwits_protocol.o ABSOLUTE
    ..\\Hal\\hal_key.c                       0x00000000   Number         0  hal_key.o ABSOLUTE
    ..\\user\\hal_delay.c                    0x00000000   Number         0  hal_delay.o ABSOLUTE
    ..\\user\\hal_dht11.c                    0x00000000   Number         0  hal_dht11.o ABSOLUTE
    ..\user\hal_delay.c                      0x00000000   Number         0  hal_delay.o ABSOLUTE
    ..\user\hal_dht11.c                      0x00000000   Number         0  hal_dht11.o ABSOLUTE
    cdrcmple.s                               0x00000000   Number         0  cdrcmple.o ABSOLUTE
    dc.s                                     0x00000000   Number         0  dc.o ABSOLUTE
    handlers.s                               0x00000000   Number         0  handlers.o ABSOLUTE
    init.s                                   0x00000000   Number         0  init.o ABSOLUTE
    startup_stm32f103xe.s                    0x00000000   Number         0  startup_stm32f103xe.o ABSOLUTE
    RESET                                    0x08000000   Section      304  startup_stm32f103xe.o(RESET)
    .ARM.Collect$$$$00000000                 0x08000130   Section        0  entry.o(.ARM.Collect$$$$00000000)
    .ARM.Collect$$$$00000001                 0x08000130   Section        4  entry2.o(.ARM.Collect$$$$00000001)
    .ARM.Collect$$$$00000004                 0x08000134   Section        4  entry5.o(.ARM.Collect$$$$00000004)
    .ARM.Collect$$$$00000008                 0x08000138   Section        0  entry7b.o(.ARM.Collect$$$$00000008)
    .ARM.Collect$$$$0000000A                 0x08000138   Section        0  entry8b.o(.ARM.Collect$$$$0000000A)
    .ARM.Collect$$$$0000000B                 0x08000138   Section        8  entry9a.o(.ARM.Collect$$$$0000000B)
    .ARM.Collect$$$$0000000D                 0x08000140   Section        0  entry10a.o(.ARM.Collect$$$$0000000D)
    .ARM.Collect$$$$0000000F                 0x08000140   Section        0  entry11a.o(.ARM.Collect$$$$0000000F)
    .ARM.Collect$$$$00002712                 0x08000140   Section        4  entry2.o(.ARM.Collect$$$$00002712)
    __lit__00000000                          0x08000140   Data           4  entry2.o(.ARM.Collect$$$$00002712)
    .text                                    0x08000144   Section       36  startup_stm32f103xe.o(.text)
    .text                                    0x08000168   Section        0  llushr.o(.text)
    .text                                    0x08000188   Section        0  memcpya.o(.text)
    .text                                    0x080001ac   Section        0  memseta.o(.text)
    .text                                    0x080001d0   Section        0  uldiv.o(.text)
    .text                                    0x08000234   Section       36  init.o(.text)
    .text                                    0x08000258   Section        0  llshl.o(.text)
    i.BusFault_Handler                       0x08000276   Section        0  stm32f1xx_it.o(i.BusFault_Handler)
    i.DHT11_IO_IN                            0x08000278   Section        0  hal_dht11.o(i.DHT11_IO_IN)
    i.DHT11_IO_OUT                           0x0800029c   Section        0  hal_dht11.o(i.DHT11_IO_OUT)
    i.DebugMon_Handler                       0x080002bc   Section        0  stm32f1xx_it.o(i.DebugMon_Handler)
    i.Error_Handler                          0x080002be   Section        0  main.o(i.Error_Handler)
    i.HAL_DMA_Abort_IT                       0x080002c4   Section        0  stm32f1xx_hal_dma.o(i.HAL_DMA_Abort_IT)
    i.HAL_Delay                              0x080003f4   Section        0  stm32f1xx_hal.o(i.HAL_Delay)
    i.HAL_GPIO_Init                          0x08000418   Section        0  stm32f1xx_hal_gpio.o(i.HAL_GPIO_Init)
    i.HAL_GPIO_ReadPin                       0x08000610   Section        0  stm32f1xx_hal_gpio.o(i.HAL_GPIO_ReadPin)
    i.HAL_GPIO_WritePin                      0x0800061a   Section        0  stm32f1xx_hal_gpio.o(i.HAL_GPIO_WritePin)
    i.HAL_GetTick                            0x08000624   Section        0  stm32f1xx_hal.o(i.HAL_GetTick)
    i.HAL_IncTick                            0x08000630   Section        0  stm32f1xx_hal.o(i.HAL_IncTick)
    i.HAL_Init                               0x08000640   Section        0  stm32f1xx_hal.o(i.HAL_Init)
    i.HAL_InitTick                           0x08000664   Section        0  stm32f1xx_hal.o(i.HAL_InitTick)
    i.HAL_MspInit                            0x080006a4   Section        0  stm32f1xx_hal_msp.o(i.HAL_MspInit)
    i.HAL_NVIC_EnableIRQ                     0x080006e0   Section        0  stm32f1xx_hal_cortex.o(i.HAL_NVIC_EnableIRQ)
    i.HAL_NVIC_SetPriority                   0x080006fc   Section        0  stm32f1xx_hal_cortex.o(i.HAL_NVIC_SetPriority)
    i.HAL_NVIC_SetPriorityGrouping           0x0800073c   Section        0  stm32f1xx_hal_cortex.o(i.HAL_NVIC_SetPriorityGrouping)
    i.HAL_NVIC_SystemReset                   0x08000760   Section        0  stm32f1xx_hal_cortex.o(i.HAL_NVIC_SystemReset)
    i.HAL_RCC_ClockConfig                    0x08000784   Section        0  stm32f1xx_hal_rcc.o(i.HAL_RCC_ClockConfig)
    i.HAL_RCC_GetPCLK1Freq                   0x080008b0   Section        0  stm32f1xx_hal_rcc.o(i.HAL_RCC_GetPCLK1Freq)
    i.HAL_RCC_GetPCLK2Freq                   0x080008d0   Section        0  stm32f1xx_hal_rcc.o(i.HAL_RCC_GetPCLK2Freq)
    i.HAL_RCC_GetSysClockFreq                0x080008f0   Section        0  stm32f1xx_hal_rcc.o(i.HAL_RCC_GetSysClockFreq)
    i.HAL_RCC_OscConfig                      0x0800095c   Section        0  stm32f1xx_hal_rcc.o(i.HAL_RCC_OscConfig)
    i.HAL_SYSTICK_Config                     0x08000c7c   Section        0  stm32f1xx_hal_cortex.o(i.HAL_SYSTICK_Config)
    i.HAL_TIMEx_BreakCallback                0x08000ca4   Section        0  stm32f1xx_hal_tim_ex.o(i.HAL_TIMEx_BreakCallback)
    i.HAL_TIMEx_CommutCallback               0x08000ca6   Section        0  stm32f1xx_hal_tim_ex.o(i.HAL_TIMEx_CommutCallback)
    i.HAL_TIMEx_MasterConfigSynchronization  0x08000ca8   Section        0  stm32f1xx_hal_tim_ex.o(i.HAL_TIMEx_MasterConfigSynchronization)
    i.HAL_TIM_Base_Init                      0x08000d24   Section        0  stm32f1xx_hal_tim.o(i.HAL_TIM_Base_Init)
    i.HAL_TIM_Base_MspInit                   0x08000d80   Section        0  tim.o(i.HAL_TIM_Base_MspInit)
    i.HAL_TIM_Base_Start                     0x08000dd0   Section        0  stm32f1xx_hal_tim.o(i.HAL_TIM_Base_Start)
    i.HAL_TIM_Base_Start_IT                  0x08000e34   Section        0  stm32f1xx_hal_tim.o(i.HAL_TIM_Base_Start_IT)
    i.HAL_TIM_Base_Stop                      0x08000ea0   Section        0  stm32f1xx_hal_tim.o(i.HAL_TIM_Base_Stop)
    i.HAL_TIM_ConfigClockSource              0x08000ec6   Section        0  stm32f1xx_hal_tim.o(i.HAL_TIM_ConfigClockSource)
    i.HAL_TIM_IC_CaptureCallback             0x08000f9c   Section        0  stm32f1xx_hal_tim.o(i.HAL_TIM_IC_CaptureCallback)
    i.HAL_TIM_IRQHandler                     0x08000f9e   Section        0  stm32f1xx_hal_tim.o(i.HAL_TIM_IRQHandler)
    i.HAL_TIM_OC_DelayElapsedCallback        0x08001104   Section        0  stm32f1xx_hal_tim.o(i.HAL_TIM_OC_DelayElapsedCallback)
    i.HAL_TIM_PWM_PulseFinishedCallback      0x08001106   Section        0  stm32f1xx_hal_tim.o(i.HAL_TIM_PWM_PulseFinishedCallback)
    i.HAL_TIM_PeriodElapsedCallback          0x08001108   Section        0  gizwits_product.o(i.HAL_TIM_PeriodElapsedCallback)
    i.HAL_TIM_TriggerCallback                0x08001128   Section        0  stm32f1xx_hal_tim.o(i.HAL_TIM_TriggerCallback)
    i.HAL_UART_ErrorCallback                 0x0800112a   Section        0  stm32f1xx_hal_uart.o(i.HAL_UART_ErrorCallback)
    i.HAL_UART_IRQHandler                    0x0800112c   Section        0  stm32f1xx_hal_uart.o(i.HAL_UART_IRQHandler)
    i.HAL_UART_Init                          0x08001288   Section        0  stm32f1xx_hal_uart.o(i.HAL_UART_Init)
    i.HAL_UART_MspInit                       0x080012ec   Section        0  usart.o(i.HAL_UART_MspInit)
    i.HAL_UART_Receive_IT                    0x080013b8   Section        0  stm32f1xx_hal_uart.o(i.HAL_UART_Receive_IT)
    i.HAL_UART_RxCpltCallback                0x0800140c   Section        0  gizwits_product.o(i.HAL_UART_RxCpltCallback)
    i.HAL_UART_Transmit                      0x0800143c   Section        0  stm32f1xx_hal_uart.o(i.HAL_UART_Transmit)
    i.HAL_UART_Transmit_IT                   0x080014ee   Section        0  stm32f1xx_hal_uart.o(i.HAL_UART_Transmit_IT)
    i.HAL_UART_TxCpltCallback                0x0800152c   Section        0  stm32f1xx_hal_uart.o(i.HAL_UART_TxCpltCallback)
    i.HardFault_Handler                      0x0800152e   Section        0  stm32f1xx_it.o(i.HardFault_Handler)
    i.MX_GPIO_Init                           0x08001530   Section        0  gpio.o(i.MX_GPIO_Init)
    i.MX_TIM2_Init                           0x080015fc   Section        0  tim.o(i.MX_TIM2_Init)
    i.MX_TIM3_Init                           0x08001660   Section        0  tim.o(i.MX_TIM3_Init)
    i.MX_USART1_UART_Init                    0x080016c8   Section        0  usart.o(i.MX_USART1_UART_Init)
    i.MX_USART2_UART_Init                    0x08001700   Section        0  usart.o(i.MX_USART2_UART_Init)
    i.MemManage_Handler                      0x08001738   Section        0  stm32f1xx_it.o(i.MemManage_Handler)
    i.NMI_Handler                            0x0800173a   Section        0  stm32f1xx_it.o(i.NMI_Handler)
    i.PendSV_Handler                         0x0800173c   Section        0  stm32f1xx_it.o(i.PendSV_Handler)
    i.SVC_Handler                            0x0800173e   Section        0  stm32f1xx_it.o(i.SVC_Handler)
    i.SysTick_Handler                        0x08001740   Section        0  stm32f1xx_it.o(i.SysTick_Handler)
    i.SystemClock_Config                     0x08001744   Section        0  main.o(i.SystemClock_Config)
    i.SystemInit                             0x080017a2   Section        0  system_stm32f1xx.o(i.SystemInit)
    i.TIM2_IRQHandler                        0x080017a4   Section        0  stm32f1xx_it.o(i.TIM2_IRQHandler)
    i.TIM_Base_SetConfig                     0x080017b0   Section        0  stm32f1xx_hal_tim.o(i.TIM_Base_SetConfig)
    i.TIM_ETR_SetConfig                      0x0800183c   Section        0  stm32f1xx_hal_tim.o(i.TIM_ETR_SetConfig)
    i.TIM_ITRx_SetConfig                     0x08001850   Section        0  stm32f1xx_hal_tim.o(i.TIM_ITRx_SetConfig)
    TIM_ITRx_SetConfig                       0x08001851   Thumb Code    16  stm32f1xx_hal_tim.o(i.TIM_ITRx_SetConfig)
    i.TIM_TI1_ConfigInputStage               0x08001860   Section        0  stm32f1xx_hal_tim.o(i.TIM_TI1_ConfigInputStage)
    TIM_TI1_ConfigInputStage                 0x08001861   Thumb Code    34  stm32f1xx_hal_tim.o(i.TIM_TI1_ConfigInputStage)
    i.TIM_TI2_ConfigInputStage               0x08001882   Section        0  stm32f1xx_hal_tim.o(i.TIM_TI2_ConfigInputStage)
    TIM_TI2_ConfigInputStage                 0x08001883   Thumb Code    36  stm32f1xx_hal_tim.o(i.TIM_TI2_ConfigInputStage)
    i.UART_DMAAbortOnError                   0x080018a6   Section        0  stm32f1xx_hal_uart.o(i.UART_DMAAbortOnError)
    UART_DMAAbortOnError                     0x080018a7   Thumb Code    16  stm32f1xx_hal_uart.o(i.UART_DMAAbortOnError)
    i.UART_EndRxTransfer                     0x080018b6   Section        0  stm32f1xx_hal_uart.o(i.UART_EndRxTransfer)
    UART_EndRxTransfer                       0x080018b7   Thumb Code    28  stm32f1xx_hal_uart.o(i.UART_EndRxTransfer)
    i.UART_Receive_IT                        0x080018d2   Section        0  stm32f1xx_hal_uart.o(i.UART_Receive_IT)
    UART_Receive_IT                          0x080018d3   Thumb Code   140  stm32f1xx_hal_uart.o(i.UART_Receive_IT)
    i.UART_SetConfig                         0x08001960   Section        0  stm32f1xx_hal_uart.o(i.UART_SetConfig)
    UART_SetConfig                           0x08001961   Thumb Code   178  stm32f1xx_hal_uart.o(i.UART_SetConfig)
    i.UART_WaitOnFlagUntilTimeout            0x08001a18   Section        0  stm32f1xx_hal_uart.o(i.UART_WaitOnFlagUntilTimeout)
    UART_WaitOnFlagUntilTimeout              0x08001a19   Thumb Code   100  stm32f1xx_hal_uart.o(i.UART_WaitOnFlagUntilTimeout)
    i.USART2_IRQHandler                      0x08001a7c   Section        0  stm32f1xx_it.o(i.USART2_IRQHandler)
    i.UsageFault_Handler                     0x08001a88   Section        0  stm32f1xx_it.o(i.UsageFault_Handler)
    i.__0printf$8                            0x08001a8c   Section        0  printf8.o(i.__0printf$8)
    i.__NVIC_SetPriority                     0x08001aac   Section        0  stm32f1xx_hal_cortex.o(i.__NVIC_SetPriority)
    __NVIC_SetPriority                       0x08001aad   Thumb Code    32  stm32f1xx_hal_cortex.o(i.__NVIC_SetPriority)
    i.__scatterload_copy                     0x08001acc   Section       14  handlers.o(i.__scatterload_copy)
    i.__scatterload_null                     0x08001ada   Section        2  handlers.o(i.__scatterload_null)
    i.__scatterload_zeroinit                 0x08001adc   Section       14  handlers.o(i.__scatterload_zeroinit)
    i._printf_core                           0x08001aec   Section        0  printf8.o(i._printf_core)
    _printf_core                             0x08001aed   Thumb Code   996  printf8.o(i._printf_core)
    i._printf_post_padding                   0x08001efc   Section        0  printf8.o(i._printf_post_padding)
    _printf_post_padding                     0x08001efd   Thumb Code    36  printf8.o(i._printf_post_padding)
    i._printf_pre_padding                    0x08001f20   Section        0  printf8.o(i._printf_pre_padding)
    _printf_pre_padding                      0x08001f21   Thumb Code    46  printf8.o(i._printf_pre_padding)
    i.delay_us                               0x08001f50   Section        0  hal_delay.o(i.delay_us)
    i.dht11Check                             0x08001f78   Section        0  hal_dht11.o(i.dht11Check)
    dht11Check                               0x08001f79   Thumb Code    88  hal_dht11.o(i.dht11Check)
    i.dht11Init                              0x08001fd4   Section        0  hal_dht11.o(i.dht11Init)
    i.dht11Read                              0x0800200c   Section        0  hal_dht11.o(i.dht11Read)
    i.dht11ReadByte                          0x08002068   Section        0  hal_dht11.o(i.dht11ReadByte)
    dht11ReadByte                            0x08002069   Thumb Code   110  hal_dht11.o(i.dht11ReadByte)
    i.dht11Rst                               0x080020dc   Section        0  hal_dht11.o(i.dht11Rst)
    dht11Rst                                 0x080020dd   Thumb Code    48  hal_dht11.o(i.dht11Rst)
    i.exchangeBytes                          0x08002110   Section        0  common.o(i.exchangeBytes)
    i.exchangeWord                           0x08002120   Section        0  common.o(i.exchangeWord)
    i.fputc                                  0x08002124   Section        0  usart.o(i.fputc)
    i.getKey                                 0x0800213c   Section        0  hal_key.o(i.getKey)
    i.gizCheckReport                         0x08002194   Section        0  gizwits_protocol.o(i.gizCheckReport)
    gizCheckReport                           0x08002195   Thumb Code   112  gizwits_protocol.o(i.gizCheckReport)
    i.gizDataPoints2ReportData               0x08002264   Section        0  gizwits_protocol.o(i.gizDataPoints2ReportData)
    gizDataPoints2ReportData                 0x08002265   Thumb Code    50  gizwits_protocol.o(i.gizDataPoints2ReportData)
    i.gizDevReportPolicy                     0x080022c8   Section        0  gizwits_protocol.o(i.gizDevReportPolicy)
    gizDevReportPolicy                       0x080022c9   Thumb Code   134  gizwits_protocol.o(i.gizDevReportPolicy)
    i.gizGetTimerCount                       0x0800238c   Section        0  gizwits_product.o(i.gizGetTimerCount)
    i.gizProtocolAckHandle                   0x08002398   Section        0  gizwits_protocol.o(i.gizProtocolAckHandle)
    gizProtocolAckHandle                     0x08002399   Thumb Code    80  gizwits_protocol.o(i.gizProtocolAckHandle)
    i.gizProtocolCommonAck                   0x08002414   Section        0  gizwits_protocol.o(i.gizProtocolCommonAck)
    gizProtocolCommonAck                     0x08002415   Thumb Code    80  gizwits_protocol.o(i.gizProtocolCommonAck)
    i.gizProtocolErrorCmd                    0x080024ac   Section        0  gizwits_protocol.o(i.gizProtocolErrorCmd)
    gizProtocolErrorCmd                      0x080024ad   Thumb Code    88  gizwits_protocol.o(i.gizProtocolErrorCmd)
    i.gizProtocolGetDeviceInfo               0x0800254c   Section        0  gizwits_protocol.o(i.gizProtocolGetDeviceInfo)
    gizProtocolGetDeviceInfo                 0x0800254d   Thumb Code   180  gizwits_protocol.o(i.gizProtocolGetDeviceInfo)
    i.gizProtocolGetOnePacket                0x080026c4   Section        0  gizwits_protocol.o(i.gizProtocolGetOnePacket)
    gizProtocolGetOnePacket                  0x080026c5   Thumb Code   298  gizwits_protocol.o(i.gizProtocolGetOnePacket)
    i.gizProtocolHeadInit                    0x08002824   Section        0  gizwits_protocol.o(i.gizProtocolHeadInit)
    gizProtocolHeadInit                      0x08002825   Thumb Code    32  gizwits_protocol.o(i.gizProtocolHeadInit)
    i.gizProtocolIssuedDataAck               0x08002870   Section        0  gizwits_protocol.o(i.gizProtocolIssuedDataAck)
    gizProtocolIssuedDataAck                 0x08002871   Thumb Code   198  gizwits_protocol.o(i.gizProtocolIssuedDataAck)
    i.gizProtocolIssuedProcess               0x08002990   Section        0  gizwits_protocol.o(i.gizProtocolIssuedProcess)
    gizProtocolIssuedProcess                 0x08002991   Thumb Code   170  gizwits_protocol.o(i.gizProtocolIssuedProcess)
    i.gizProtocolModuleStatus                0x08002a70   Section        0  gizwits_protocol.o(i.gizProtocolModuleStatus)
    gizProtocolModuleStatus                  0x08002a71   Thumb Code   574  gizwits_protocol.o(i.gizProtocolModuleStatus)
    i.gizProtocolNTP                         0x08002e84   Section        0  gizwits_protocol.o(i.gizProtocolNTP)
    gizProtocolNTP                           0x08002e85   Thumb Code    84  gizwits_protocol.o(i.gizProtocolNTP)
    i.gizProtocolResendData                  0x08002ef0   Section        0  gizwits_protocol.o(i.gizProtocolResendData)
    gizProtocolResendData                    0x08002ef1   Thumb Code    54  gizwits_protocol.o(i.gizProtocolResendData)
    i.gizProtocolSum                         0x08002f64   Section        0  common.o(i.gizProtocolSum)
    i.gizProtocolWaitAck                     0x08002f88   Section        0  gizwits_protocol.o(i.gizProtocolWaitAck)
    gizProtocolWaitAck                       0x08002f89   Thumb Code    66  gizwits_protocol.o(i.gizProtocolWaitAck)
    i.gizProtocolWaitAckCheck                0x08002fe8   Section        0  gizwits_protocol.o(i.gizProtocolWaitAckCheck)
    gizProtocolWaitAckCheck                  0x08002fe9   Thumb Code    42  gizwits_protocol.o(i.gizProtocolWaitAckCheck)
    i.gizPutData                             0x08003030   Section        0  gizwits_protocol.o(i.gizPutData)
    i.gizReportData                          0x08003098   Section        0  gizwits_protocol.o(i.gizReportData)
    gizReportData                            0x08003099   Thumb Code   124  gizwits_protocol.o(i.gizReportData)
    i.gizTimerMs                             0x0800315c   Section        0  gizwits_product.o(i.gizTimerMs)
    i.gizY2X                                 0x0800316c   Section        0  datapointtools.o(i.gizY2X)
    i.gizwitsEventProcess                    0x08003174   Section        0  gizwits_product.o(i.gizwitsEventProcess)
    i.gizwitsHandle                          0x08003278   Section        0  gizwits_protocol.o(i.gizwitsHandle)
    i.gizwitsInit                            0x080035bc   Section        0  gizwits_protocol.o(i.gizwitsInit)
    i.gizwitsSetMode                         0x08003618   Section        0  gizwits_protocol.o(i.gizwitsSetMode)
    i.key1LongPress                          0x08003730   Section        0  main.o(i.key1LongPress)
    i.key1ShortPress                         0x08003764   Section        0  main.o(i.key1ShortPress)
    i.key2LongPress                          0x08003798   Section        0  main.o(i.key2LongPress)
    i.key2ShortPress                         0x080037cc   Section        0  main.o(i.key2ShortPress)
    i.keyHandle                              0x080037fc   Section        0  hal_key.o(i.keyHandle)
    i.keyInit                                0x0800387c   Section        0  main.o(i.keyInit)
    i.keyInitOne                             0x080038f4   Section        0  hal_key.o(i.keyInitOne)
    i.keyParaInit                            0x08003934   Section        0  hal_key.o(i.keyParaInit)
    i.main                                   0x0800394c   Section        0  main.o(i.main)
    i.mcuRestart                             0x08003a0c   Section        0  gizwits_product.o(i.mcuRestart)
    i.rbCanRead                              0x08003a16   Section        0  ringbuffer.o(i.rbCanRead)
    i.rbCanWrite                             0x08003a48   Section        0  ringbuffer.o(i.rbCanWrite)
    i.rbCapacity                             0x08003a64   Section        0  ringbuffer.o(i.rbCapacity)
    i.rbCreate                               0x08003a70   Section        0  ringbuffer.o(i.rbCreate)
    i.rbRead                                 0x08003a82   Section        0  ringbuffer.o(i.rbRead)
    i.rbWrite                                0x08003b00   Section        0  ringbuffer.o(i.rbWrite)
    i.readKeyValue                           0x08003b90   Section        0  hal_key.o(i.readKeyValue)
    i.timerInit                              0x08003c18   Section        0  gizwits_product.o(i.timerInit)
    i.uartInit                               0x08003c24   Section        0  gizwits_product.o(i.uartInit)
    i.uartWrite                              0x08003c38   Section        0  gizwits_product.o(i.uartWrite)
    i.userHandle                             0x08003cf0   Section        0  gizwits_product.o(i.userHandle)
    i.userInit                               0x08003d0c   Section        0  gizwits_product.o(i.userInit)
    .constdata                               0x08003d1c   Section       16  system_stm32f1xx.o(.constdata)
    .constdata                               0x08003d2c   Section        8  system_stm32f1xx.o(.constdata)
    .data                                    0x20000000   Section        7  main.o(.data)
    .data                                    0x20000008   Section       12  stm32f1xx_hal.o(.data)
    .data                                    0x20000014   Section        4  system_stm32f1xx.o(.data)
    .data                                    0x20000018   Section       10  hal_key.o(.data)
    keyTotolNum                              0x20000018   Data           1  hal_key.o(.data)
    keyCheck                                 0x20000019   Data           1  hal_key.o(.data)
    keyState                                 0x2000001a   Data           1  hal_key.o(.data)
    key_total                                0x2000001b   Data           1  hal_key.o(.data)
    keyLongCheck                             0x2000001e   Data           2  hal_key.o(.data)
    keyPrev                                  0x20000020   Data           2  hal_key.o(.data)
    .data                                    0x20000024   Section       16  gizwits_product.o(.data)
    timerMsCount                             0x20000028   Data           4  gizwits_product.o(.data)
    .data                                    0x20000034   Section       16  gizwits_protocol.o(.data)
    protocolFlag                             0x20000034   Data           1  gizwits_protocol.o(.data)
    lastData                                 0x20000035   Data           1  gizwits_protocol.o(.data)
    debugCount                               0x20000036   Data           1  gizwits_protocol.o(.data)
    protocolCount                            0x20000038   Data           2  gizwits_protocol.o(.data)
    lastStatus                               0x2000003a   Data           2  gizwits_protocol.o(.data)
    lastReportTime                           0x2000003c   Data           4  gizwits_protocol.o(.data)
    lastRepTime                              0x20000040   Data           4  gizwits_protocol.o(.data)
    .data                                    0x20000044   Section        4  stdout.o(.data)
    .bss                                     0x20000048   Section       22  hal_dht11.o(.bss)
    .bss                                     0x2000005e   Section       42  main.o(.bss)
    .bss                                     0x20000088   Section      144  tim.o(.bss)
    .bss                                     0x20000118   Section      128  usart.o(.bss)
    .bss                                     0x20000198   Section      315  gizwits_protocol.o(.bss)
    rbBuf                                    0x200002a7   Data          44  gizwits_protocol.o(.bss)
    STACK                                    0x200002d8   Section     4096  startup_stm32f103xe.o(STACK)

    Global Symbols

    Symbol Name                              Value     Ov Type        Size  Object(Section)

    BuildAttributes$$THM_ISAv4$P$D$K$B$S$PE$A:L22UL41UL21$X:L11$S22US41US21$IEEE1$IW$USESV6$~STKCKD$USESV7$~SHL$OTIME$ROPI$EBA8$MICROLIB$REQ8$PRES8$EABIv2 0x00000000   Number         0  anon$$obj.o ABSOLUTE
    __ARM_use_no_argv                        0x00000000   Number         0  main.o ABSOLUTE
    _printf_a                                0x00000000   Number         0  stubs.o ABSOLUTE
    _printf_c                                0x00000000   Number         0  stubs.o ABSOLUTE
    _printf_charcount                        0x00000000   Number         0  stubs.o ABSOLUTE
    _printf_d                                0x00000000   Number         0  stubs.o ABSOLUTE
    _printf_e                                0x00000000   Number         0  stubs.o ABSOLUTE
    _printf_f                                0x00000000   Number         0  stubs.o ABSOLUTE
    _printf_flags                            0x00000000   Number         0  stubs.o ABSOLUTE
    _printf_fp_dec                           0x00000000   Number         0  stubs.o ABSOLUTE
    _printf_fp_hex                           0x00000000   Number         0  stubs.o ABSOLUTE
    _printf_g                                0x00000000   Number         0  stubs.o ABSOLUTE
    _printf_i                                0x00000000   Number         0  stubs.o ABSOLUTE
    _printf_int_dec                          0x00000000   Number         0  stubs.o ABSOLUTE
    _printf_l                                0x00000000   Number         0  stubs.o ABSOLUTE
    _printf_lc                               0x00000000   Number         0  stubs.o ABSOLUTE
    _printf_ll                               0x00000000   Number         0  stubs.o ABSOLUTE
    _printf_lld                              0x00000000   Number         0  stubs.o ABSOLUTE
    _printf_lli                              0x00000000   Number         0  stubs.o ABSOLUTE
    _printf_llo                              0x00000000   Number         0  stubs.o ABSOLUTE
    _printf_llu                              0x00000000   Number         0  stubs.o ABSOLUTE
    _printf_llx                              0x00000000   Number         0  stubs.o ABSOLUTE
    _printf_longlong_dec                     0x00000000   Number         0  stubs.o ABSOLUTE
    _printf_longlong_hex                     0x00000000   Number         0  stubs.o ABSOLUTE
    _printf_longlong_oct                     0x00000000   Number         0  stubs.o ABSOLUTE
    _printf_ls                               0x00000000   Number         0  stubs.o ABSOLUTE
    _printf_mbtowc                           0x00000000   Number         0  stubs.o ABSOLUTE
    _printf_n                                0x00000000   Number         0  stubs.o ABSOLUTE
    _printf_o                                0x00000000   Number         0  stubs.o ABSOLUTE
    _printf_p                                0x00000000   Number         0  stubs.o ABSOLUTE
    _printf_percent                          0x00000000   Number         0  stubs.o ABSOLUTE
    _printf_pre_padding                      0x00000000   Number         0  stubs.o ABSOLUTE
    _printf_return_value                     0x00000000   Number         0  stubs.o ABSOLUTE
    _printf_s                                0x00000000   Number         0  stubs.o ABSOLUTE
    _printf_sizespec                         0x00000000   Number         0  stubs.o ABSOLUTE
    _printf_str                              0x00000000   Number         0  stubs.o ABSOLUTE
    _printf_truncate_signed                  0x00000000   Number         0  stubs.o ABSOLUTE
    _printf_truncate_unsigned                0x00000000   Number         0  stubs.o ABSOLUTE
    _printf_u                                0x00000000   Number         0  stubs.o ABSOLUTE
    _printf_wc                               0x00000000   Number         0  stubs.o ABSOLUTE
    _printf_wctomb                           0x00000000   Number         0  stubs.o ABSOLUTE
    _printf_widthprec                        0x00000000   Number         0  stubs.o ABSOLUTE
    _printf_x                                0x00000000   Number         0  stubs.o ABSOLUTE
    __cpp_initialize__aeabi_                  - Undefined Weak Reference
    __cxa_finalize                            - Undefined Weak Reference
    __decompress                              - Undefined Weak Reference
    _clock_init                               - Undefined Weak Reference
    _microlib_exit                            - Undefined Weak Reference
    __Vectors_Size                           0x00000130   Number         0  startup_stm32f103xe.o ABSOLUTE
    __Vectors                                0x08000000   Data           4  startup_stm32f103xe.o(RESET)
    __Vectors_End                            0x08000130   Data           0  startup_stm32f103xe.o(RESET)
    __main                                   0x08000131   Thumb Code     0  entry.o(.ARM.Collect$$$$00000000)
    _main_stk                                0x08000131   Thumb Code     0  entry2.o(.ARM.Collect$$$$00000001)
    _main_scatterload                        0x08000135   Thumb Code     0  entry5.o(.ARM.Collect$$$$00000004)
    __main_after_scatterload                 0x08000139   Thumb Code     0  entry5.o(.ARM.Collect$$$$00000004)
    _main_clock                              0x08000139   Thumb Code     0  entry7b.o(.ARM.Collect$$$$00000008)
    _main_cpp_init                           0x08000139   Thumb Code     0  entry8b.o(.ARM.Collect$$$$0000000A)
    _main_init                               0x08000139   Thumb Code     0  entry9a.o(.ARM.Collect$$$$0000000B)
    __rt_final_cpp                           0x08000141   Thumb Code     0  entry10a.o(.ARM.Collect$$$$0000000D)
    __rt_final_exit                          0x08000141   Thumb Code     0  entry11a.o(.ARM.Collect$$$$0000000F)
    Reset_Handler                            0x08000145   Thumb Code     8  startup_stm32f103xe.o(.text)
    ADC1_2_IRQHandler                        0x0800015f   Thumb Code     0  startup_stm32f103xe.o(.text)
    ADC3_IRQHandler                          0x0800015f   Thumb Code     0  startup_stm32f103xe.o(.text)
    CAN1_RX1_IRQHandler                      0x0800015f   Thumb Code     0  startup_stm32f103xe.o(.text)
    CAN1_SCE_IRQHandler                      0x0800015f   Thumb Code     0  startup_stm32f103xe.o(.text)
    DMA1_Channel1_IRQHandler                 0x0800015f   Thumb Code     0  startup_stm32f103xe.o(.text)
    DMA1_Channel2_IRQHandler                 0x0800015f   Thumb Code     0  startup_stm32f103xe.o(.text)
    DMA1_Channel3_IRQHandler                 0x0800015f   Thumb Code     0  startup_stm32f103xe.o(.text)
    DMA1_Channel4_IRQHandler                 0x0800015f   Thumb Code     0  startup_stm32f103xe.o(.text)
    DMA1_Channel5_IRQHandler                 0x0800015f   Thumb Code     0  startup_stm32f103xe.o(.text)
    DMA1_Channel6_IRQHandler                 0x0800015f   Thumb Code     0  startup_stm32f103xe.o(.text)
    DMA1_Channel7_IRQHandler                 0x0800015f   Thumb Code     0  startup_stm32f103xe.o(.text)
    DMA2_Channel1_IRQHandler                 0x0800015f   Thumb Code     0  startup_stm32f103xe.o(.text)
    DMA2_Channel2_IRQHandler                 0x0800015f   Thumb Code     0  startup_stm32f103xe.o(.text)
    DMA2_Channel3_IRQHandler                 0x0800015f   Thumb Code     0  startup_stm32f103xe.o(.text)
    DMA2_Channel4_5_IRQHandler               0x0800015f   Thumb Code     0  startup_stm32f103xe.o(.text)
    EXTI0_IRQHandler                         0x0800015f   Thumb Code     0  startup_stm32f103xe.o(.text)
    EXTI15_10_IRQHandler                     0x0800015f   Thumb Code     0  startup_stm32f103xe.o(.text)
    EXTI1_IRQHandler                         0x0800015f   Thumb Code     0  startup_stm32f103xe.o(.text)
    EXTI2_IRQHandler                         0x0800015f   Thumb Code     0  startup_stm32f103xe.o(.text)
    EXTI3_IRQHandler                         0x0800015f   Thumb Code     0  startup_stm32f103xe.o(.text)
    EXTI4_IRQHandler                         0x0800015f   Thumb Code     0  startup_stm32f103xe.o(.text)
    EXTI9_5_IRQHandler                       0x0800015f   Thumb Code     0  startup_stm32f103xe.o(.text)
    FLASH_IRQHandler                         0x0800015f   Thumb Code     0  startup_stm32f103xe.o(.text)
    FSMC_IRQHandler                          0x0800015f   Thumb Code     0  startup_stm32f103xe.o(.text)
    I2C1_ER_IRQHandler                       0x0800015f   Thumb Code     0  startup_stm32f103xe.o(.text)
    I2C1_EV_IRQHandler                       0x0800015f   Thumb Code     0  startup_stm32f103xe.o(.text)
    I2C2_ER_IRQHandler                       0x0800015f   Thumb Code     0  startup_stm32f103xe.o(.text)
    I2C2_EV_IRQHandler                       0x0800015f   Thumb Code     0  startup_stm32f103xe.o(.text)
    PVD_IRQHandler                           0x0800015f   Thumb Code     0  startup_stm32f103xe.o(.text)
    RCC_IRQHandler                           0x0800015f   Thumb Code     0  startup_stm32f103xe.o(.text)
    RTC_Alarm_IRQHandler                     0x0800015f   Thumb Code     0  startup_stm32f103xe.o(.text)
    RTC_IRQHandler                           0x0800015f   Thumb Code     0  startup_stm32f103xe.o(.text)
    SDIO_IRQHandler                          0x0800015f   Thumb Code     0  startup_stm32f103xe.o(.text)
    SPI1_IRQHandler                          0x0800015f   Thumb Code     0  startup_stm32f103xe.o(.text)
    SPI2_IRQHandler                          0x0800015f   Thumb Code     0  startup_stm32f103xe.o(.text)
    SPI3_IRQHandler                          0x0800015f   Thumb Code     0  startup_stm32f103xe.o(.text)
    TAMPER_IRQHandler                        0x0800015f   Thumb Code     0  startup_stm32f103xe.o(.text)
    TIM1_BRK_IRQHandler                      0x0800015f   Thumb Code     0  startup_stm32f103xe.o(.text)
    TIM1_CC_IRQHandler                       0x0800015f   Thumb Code     0  startup_stm32f103xe.o(.text)
    TIM1_TRG_COM_IRQHandler                  0x0800015f   Thumb Code     0  startup_stm32f103xe.o(.text)
    TIM1_UP_IRQHandler                       0x0800015f   Thumb Code     0  startup_stm32f103xe.o(.text)
    TIM3_IRQHandler                          0x0800015f   Thumb Code     0  startup_stm32f103xe.o(.text)
    TIM4_IRQHandler                          0x0800015f   Thumb Code     0  startup_stm32f103xe.o(.text)
    TIM5_IRQHandler                          0x0800015f   Thumb Code     0  startup_stm32f103xe.o(.text)
    TIM6_IRQHandler                          0x0800015f   Thumb Code     0  startup_stm32f103xe.o(.text)
    TIM7_IRQHandler                          0x0800015f   Thumb Code     0  startup_stm32f103xe.o(.text)
    TIM8_BRK_IRQHandler                      0x0800015f   Thumb Code     0  startup_stm32f103xe.o(.text)
    TIM8_CC_IRQHandler                       0x0800015f   Thumb Code     0  startup_stm32f103xe.o(.text)
    TIM8_TRG_COM_IRQHandler                  0x0800015f   Thumb Code     0  startup_stm32f103xe.o(.text)
    TIM8_UP_IRQHandler                       0x0800015f   Thumb Code     0  startup_stm32f103xe.o(.text)
    UART4_IRQHandler                         0x0800015f   Thumb Code     0  startup_stm32f103xe.o(.text)
    UART5_IRQHandler                         0x0800015f   Thumb Code     0  startup_stm32f103xe.o(.text)
    USART1_IRQHandler                        0x0800015f   Thumb Code     0  startup_stm32f103xe.o(.text)
    USART3_IRQHandler                        0x0800015f   Thumb Code     0  startup_stm32f103xe.o(.text)
    USBWakeUp_IRQHandler                     0x0800015f   Thumb Code     0  startup_stm32f103xe.o(.text)
    USB_HP_CAN1_TX_IRQHandler                0x0800015f   Thumb Code     0  startup_stm32f103xe.o(.text)
    USB_LP_CAN1_RX0_IRQHandler               0x0800015f   Thumb Code     0  startup_stm32f103xe.o(.text)
    WWDG_IRQHandler                          0x0800015f   Thumb Code     0  startup_stm32f103xe.o(.text)
    __aeabi_llsr                             0x08000169   Thumb Code    32  llushr.o(.text)
    _ll_ushift_r                             0x08000169   Thumb Code     0  llushr.o(.text)
    __aeabi_memcpy                           0x08000189   Thumb Code    36  memcpya.o(.text)
    __aeabi_memcpy4                          0x08000189   Thumb Code     0  memcpya.o(.text)
    __aeabi_memcpy8                          0x08000189   Thumb Code     0  memcpya.o(.text)
    __aeabi_memset                           0x080001ad   Thumb Code    14  memseta.o(.text)
    __aeabi_memset4                          0x080001ad   Thumb Code     0  memseta.o(.text)
    __aeabi_memset8                          0x080001ad   Thumb Code     0  memseta.o(.text)
    __aeabi_memclr                           0x080001bb   Thumb Code     4  memseta.o(.text)
    __aeabi_memclr4                          0x080001bb   Thumb Code     0  memseta.o(.text)
    __aeabi_memclr8                          0x080001bb   Thumb Code     0  memseta.o(.text)
    _memset$wrapper                          0x080001bf   Thumb Code    18  memseta.o(.text)
    __aeabi_uldivmod                         0x080001d1   Thumb Code    98  uldiv.o(.text)
    __scatterload                            0x08000235   Thumb Code    28  init.o(.text)
    __scatterload_rt2                        0x08000235   Thumb Code     0  init.o(.text)
    __aeabi_llsl                             0x08000259   Thumb Code    30  llshl.o(.text)
    _ll_shift_l                              0x08000259   Thumb Code     0  llshl.o(.text)
    BusFault_Handler                         0x08000277   Thumb Code     2  stm32f1xx_it.o(i.BusFault_Handler)
    DHT11_IO_IN                              0x08000279   Thumb Code    30  hal_dht11.o(i.DHT11_IO_IN)
    DHT11_IO_OUT                             0x0800029d   Thumb Code    26  hal_dht11.o(i.DHT11_IO_OUT)
    DebugMon_Handler                         0x080002bd   Thumb Code     2  stm32f1xx_it.o(i.DebugMon_Handler)
    Error_Handler                            0x080002bf   Thumb Code     4  main.o(i.Error_Handler)
    HAL_DMA_Abort_IT                         0x080002c5   Thumb Code   296  stm32f1xx_hal_dma.o(i.HAL_DMA_Abort_IT)
    HAL_Delay                                0x080003f5   Thumb Code    32  stm32f1xx_hal.o(i.HAL_Delay)
    HAL_GPIO_Init                            0x08000419   Thumb Code   462  stm32f1xx_hal_gpio.o(i.HAL_GPIO_Init)
    HAL_GPIO_ReadPin                         0x08000611   Thumb Code    10  stm32f1xx_hal_gpio.o(i.HAL_GPIO_ReadPin)
    HAL_GPIO_WritePin                        0x0800061b   Thumb Code    10  stm32f1xx_hal_gpio.o(i.HAL_GPIO_WritePin)
    HAL_GetTick                              0x08000625   Thumb Code     6  stm32f1xx_hal.o(i.HAL_GetTick)
    HAL_IncTick                              0x08000631   Thumb Code    12  stm32f1xx_hal.o(i.HAL_IncTick)
    HAL_Init                                 0x08000641   Thumb Code    32  stm32f1xx_hal.o(i.HAL_Init)
    HAL_InitTick                             0x08000665   Thumb Code    54  stm32f1xx_hal.o(i.HAL_InitTick)
    HAL_MspInit                              0x080006a5   Thumb Code    52  stm32f1xx_hal_msp.o(i.HAL_MspInit)
    HAL_NVIC_EnableIRQ                       0x080006e1   Thumb Code    26  stm32f1xx_hal_cortex.o(i.HAL_NVIC_EnableIRQ)
    HAL_NVIC_SetPriority                     0x080006fd   Thumb Code    60  stm32f1xx_hal_cortex.o(i.HAL_NVIC_SetPriority)
    HAL_NVIC_SetPriorityGrouping             0x0800073d   Thumb Code    26  stm32f1xx_hal_cortex.o(i.HAL_NVIC_SetPriorityGrouping)
    HAL_NVIC_SystemReset                     0x08000761   Thumb Code    26  stm32f1xx_hal_cortex.o(i.HAL_NVIC_SystemReset)
    HAL_RCC_ClockConfig                      0x08000785   Thumb Code   280  stm32f1xx_hal_rcc.o(i.HAL_RCC_ClockConfig)
    HAL_RCC_GetPCLK1Freq                     0x080008b1   Thumb Code    20  stm32f1xx_hal_rcc.o(i.HAL_RCC_GetPCLK1Freq)
    HAL_RCC_GetPCLK2Freq                     0x080008d1   Thumb Code    20  stm32f1xx_hal_rcc.o(i.HAL_RCC_GetPCLK2Freq)
    HAL_RCC_GetSysClockFreq                  0x080008f1   Thumb Code    74  stm32f1xx_hal_rcc.o(i.HAL_RCC_GetSysClockFreq)
    HAL_RCC_OscConfig                        0x0800095d   Thumb Code   778  stm32f1xx_hal_rcc.o(i.HAL_RCC_OscConfig)
    HAL_SYSTICK_Config                       0x08000c7d   Thumb Code    40  stm32f1xx_hal_cortex.o(i.HAL_SYSTICK_Config)
    HAL_TIMEx_BreakCallback                  0x08000ca5   Thumb Code     2  stm32f1xx_hal_tim_ex.o(i.HAL_TIMEx_BreakCallback)
    HAL_TIMEx_CommutCallback                 0x08000ca7   Thumb Code     2  stm32f1xx_hal_tim_ex.o(i.HAL_TIMEx_CommutCallback)
    HAL_TIMEx_MasterConfigSynchronization    0x08000ca9   Thumb Code   104  stm32f1xx_hal_tim_ex.o(i.HAL_TIMEx_MasterConfigSynchronization)
    HAL_TIM_Base_Init                        0x08000d25   Thumb Code    90  stm32f1xx_hal_tim.o(i.HAL_TIM_Base_Init)
    HAL_TIM_Base_MspInit                     0x08000d81   Thumb Code    72  tim.o(i.HAL_TIM_Base_MspInit)
    HAL_TIM_Base_Start                       0x08000dd1   Thumb Code    78  stm32f1xx_hal_tim.o(i.HAL_TIM_Base_Start)
    HAL_TIM_Base_Start_IT                    0x08000e35   Thumb Code    88  stm32f1xx_hal_tim.o(i.HAL_TIM_Base_Start_IT)
    HAL_TIM_Base_Stop                        0x08000ea1   Thumb Code    38  stm32f1xx_hal_tim.o(i.HAL_TIM_Base_Stop)
    HAL_TIM_ConfigClockSource                0x08000ec7   Thumb Code   214  stm32f1xx_hal_tim.o(i.HAL_TIM_ConfigClockSource)
    HAL_TIM_IC_CaptureCallback               0x08000f9d   Thumb Code     2  stm32f1xx_hal_tim.o(i.HAL_TIM_IC_CaptureCallback)
    HAL_TIM_IRQHandler                       0x08000f9f   Thumb Code   358  stm32f1xx_hal_tim.o(i.HAL_TIM_IRQHandler)
    HAL_TIM_OC_DelayElapsedCallback          0x08001105   Thumb Code     2  stm32f1xx_hal_tim.o(i.HAL_TIM_OC_DelayElapsedCallback)
    HAL_TIM_PWM_PulseFinishedCallback        0x08001107   Thumb Code     2  stm32f1xx_hal_tim.o(i.HAL_TIM_PWM_PulseFinishedCallback)
    HAL_TIM_PeriodElapsedCallback            0x08001109   Thumb Code    24  gizwits_product.o(i.HAL_TIM_PeriodElapsedCallback)
    HAL_TIM_TriggerCallback                  0x08001129   Thumb Code     2  stm32f1xx_hal_tim.o(i.HAL_TIM_TriggerCallback)
    HAL_UART_ErrorCallback                   0x0800112b   Thumb Code     2  stm32f1xx_hal_uart.o(i.HAL_UART_ErrorCallback)
    HAL_UART_IRQHandler                      0x0800112d   Thumb Code   344  stm32f1xx_hal_uart.o(i.HAL_UART_IRQHandler)
    HAL_UART_Init                            0x08001289   Thumb Code    98  stm32f1xx_hal_uart.o(i.HAL_UART_Init)
    HAL_UART_MspInit                         0x080012ed   Thumb Code   186  usart.o(i.HAL_UART_MspInit)
    HAL_UART_Receive_IT                      0x080013b9   Thumb Code    82  stm32f1xx_hal_uart.o(i.HAL_UART_Receive_IT)
    HAL_UART_RxCpltCallback                  0x0800140d   Thumb Code    34  gizwits_product.o(i.HAL_UART_RxCpltCallback)
    HAL_UART_Transmit                        0x0800143d   Thumb Code   178  stm32f1xx_hal_uart.o(i.HAL_UART_Transmit)
    HAL_UART_Transmit_IT                     0x080014ef   Thumb Code    62  stm32f1xx_hal_uart.o(i.HAL_UART_Transmit_IT)
    HAL_UART_TxCpltCallback                  0x0800152d   Thumb Code     2  stm32f1xx_hal_uart.o(i.HAL_UART_TxCpltCallback)
    HardFault_Handler                        0x0800152f   Thumb Code     2  stm32f1xx_it.o(i.HardFault_Handler)
    MX_GPIO_Init                             0x08001531   Thumb Code   190  gpio.o(i.MX_GPIO_Init)
    MX_TIM2_Init                             0x080015fd   Thumb Code    96  tim.o(i.MX_TIM2_Init)
    MX_TIM3_Init                             0x08001661   Thumb Code    94  tim.o(i.MX_TIM3_Init)
    MX_USART1_UART_Init                      0x080016c9   Thumb Code    48  usart.o(i.MX_USART1_UART_Init)
    MX_USART2_UART_Init                      0x08001701   Thumb Code    48  usart.o(i.MX_USART2_UART_Init)
    MemManage_Handler                        0x08001739   Thumb Code     2  stm32f1xx_it.o(i.MemManage_Handler)
    NMI_Handler                              0x0800173b   Thumb Code     2  stm32f1xx_it.o(i.NMI_Handler)
    PendSV_Handler                           0x0800173d   Thumb Code     2  stm32f1xx_it.o(i.PendSV_Handler)
    SVC_Handler                              0x0800173f   Thumb Code     2  stm32f1xx_it.o(i.SVC_Handler)
    SysTick_Handler                          0x08001741   Thumb Code     4  stm32f1xx_it.o(i.SysTick_Handler)
    SystemClock_Config                       0x08001745   Thumb Code    94  main.o(i.SystemClock_Config)
    SystemInit                               0x080017a3   Thumb Code     2  system_stm32f1xx.o(i.SystemInit)
    TIM2_IRQHandler                          0x080017a5   Thumb Code     6  stm32f1xx_it.o(i.TIM2_IRQHandler)
    TIM_Base_SetConfig                       0x080017b1   Thumb Code   120  stm32f1xx_hal_tim.o(i.TIM_Base_SetConfig)
    TIM_ETR_SetConfig                        0x0800183d   Thumb Code    20  stm32f1xx_hal_tim.o(i.TIM_ETR_SetConfig)
    USART2_IRQHandler                        0x08001a7d   Thumb Code     6  stm32f1xx_it.o(i.USART2_IRQHandler)
    UsageFault_Handler                       0x08001a89   Thumb Code     2  stm32f1xx_it.o(i.UsageFault_Handler)
    __0printf$8                              0x08001a8d   Thumb Code    22  printf8.o(i.__0printf$8)
    __1printf$8                              0x08001a8d   Thumb Code     0  printf8.o(i.__0printf$8)
    __2printf                                0x08001a8d   Thumb Code     0  printf8.o(i.__0printf$8)
    __scatterload_copy                       0x08001acd   Thumb Code    14  handlers.o(i.__scatterload_copy)
    __scatterload_null                       0x08001adb   Thumb Code     2  handlers.o(i.__scatterload_null)
    __scatterload_zeroinit                   0x08001add   Thumb Code    14  handlers.o(i.__scatterload_zeroinit)
    delay_us                                 0x08001f51   Thumb Code    36  hal_delay.o(i.delay_us)
    dht11Init                                0x08001fd5   Thumb Code    28  hal_dht11.o(i.dht11Init)
    dht11Read                                0x0800200d   Thumb Code    90  hal_dht11.o(i.dht11Read)
    exchangeBytes                            0x08002111   Thumb Code    16  common.o(i.exchangeBytes)
    exchangeWord                             0x08002121   Thumb Code     4  common.o(i.exchangeWord)
    fputc                                    0x08002125   Thumb Code    20  usart.o(i.fputc)
    getKey                                   0x0800213d   Thumb Code    84  hal_key.o(i.getKey)
    gizGetTimerCount                         0x0800238d   Thumb Code     6  gizwits_product.o(i.gizGetTimerCount)
    gizProtocolSum                           0x08002f65   Thumb Code    36  common.o(i.gizProtocolSum)
    gizPutData                               0x08003031   Thumb Code    40  gizwits_protocol.o(i.gizPutData)
    gizTimerMs                               0x0800315d   Thumb Code    10  gizwits_product.o(i.gizTimerMs)
    gizY2X                                   0x0800316d   Thumb Code     8  datapointtools.o(i.gizY2X)
    gizwitsEventProcess                      0x08003175   Thumb Code   128  gizwits_product.o(i.gizwitsEventProcess)
    gizwitsHandle                            0x08003279   Thumb Code   560  gizwits_protocol.o(i.gizwitsHandle)
    gizwitsInit                              0x080035bd   Thumb Code    46  gizwits_protocol.o(i.gizwitsInit)
    gizwitsSetMode                           0x08003619   Thumb Code   222  gizwits_protocol.o(i.gizwitsSetMode)
    key1LongPress                            0x08003731   Thumb Code    18  main.o(i.key1LongPress)
    key1ShortPress                           0x08003765   Thumb Code    18  main.o(i.key1ShortPress)
    key2LongPress                            0x08003799   Thumb Code    18  main.o(i.key2LongPress)
    key2ShortPress                           0x080037cd   Thumb Code    18  main.o(i.key2ShortPress)
    keyHandle                                0x080037fd   Thumb Code   126  hal_key.o(i.keyHandle)
    keyInit                                  0x0800387d   Thumb Code    88  main.o(i.keyInit)
    keyInitOne                               0x080038f5   Thumb Code    58  hal_key.o(i.keyInitOne)
    keyParaInit                              0x08003935   Thumb Code    20  hal_key.o(i.keyParaInit)
    main                                     0x0800394d   Thumb Code   110  main.o(i.main)
    mcuRestart                               0x08003a0d   Thumb Code    10  gizwits_product.o(i.mcuRestart)
    rbCanRead                                0x08003a17   Thumb Code    50  ringbuffer.o(i.rbCanRead)
    rbCanWrite                               0x08003a49   Thumb Code    28  ringbuffer.o(i.rbCanWrite)
    rbCapacity                               0x08003a65   Thumb Code    12  ringbuffer.o(i.rbCapacity)
    rbCreate                                 0x08003a71   Thumb Code    18  ringbuffer.o(i.rbCreate)
    rbRead                                   0x08003a83   Thumb Code   126  ringbuffer.o(i.rbRead)
    rbWrite                                  0x08003b01   Thumb Code   142  ringbuffer.o(i.rbWrite)
    readKeyValue                             0x08003b91   Thumb Code   130  hal_key.o(i.readKeyValue)
    timerInit                                0x08003c19   Thumb Code     6  gizwits_product.o(i.timerInit)
    uartInit                                 0x08003c25   Thumb Code    10  gizwits_product.o(i.uartInit)
    uartWrite                                0x08003c39   Thumb Code   140  gizwits_product.o(i.uartWrite)
    userHandle                               0x08003cf1   Thumb Code    16  gizwits_product.o(i.userHandle)
    userInit                                 0x08003d0d   Thumb Code    10  gizwits_product.o(i.userInit)
    AHBPrescTable                            0x08003d1c   Data          16  system_stm32f1xx.o(.constdata)
    APBPrescTable                            0x08003d2c   Data           8  system_stm32f1xx.o(.constdata)
    Region$$Table$$Base                      0x08003d34   Number         0  anon$$obj.o(Region$$Table)
    Region$$Table$$Limit                     0x08003d54   Number         0  anon$$obj.o(Region$$Table)
    temperature                              0x20000000   Data           1  main.o(.data)
    humidity                                 0x20000001   Data           1  main.o(.data)
    keys                                     0x20000002   Data           5  main.o(.data)
    uwTickFreq                               0x20000008   Data           1  stm32f1xx_hal.o(.data)
    uwTickPrio                               0x2000000c   Data           4  stm32f1xx_hal.o(.data)
    uwTick                                   0x20000010   Data           4  stm32f1xx_hal.o(.data)
    SystemCoreClock                          0x20000014   Data           4  system_stm32f1xx.o(.data)
    keyCountTime                             0x2000001c   Data           1  hal_key.o(.data)
    aRxBuffer                                0x20000024   Data           1  gizwits_product.o(.data)
    currentDataPoint                         0x2000002c   Data           8  gizwits_product.o(.data)
    __stdout                                 0x20000044   Data           4  stdout.o(.data)
    temphumTypedef                           0x20000048   Data          22  hal_dht11.o(.bss)
    singleKey                                0x2000005e   Data          42  main.o(.bss)
    htim2                                    0x20000088   Data          72  tim.o(.bss)
    htim3                                    0x200000d0   Data          72  tim.o(.bss)
    huart1                                   0x20000118   Data          64  usart.o(.bss)
    huart2                                   0x20000158   Data          64  usart.o(.bss)
    gizwitsProtocol                          0x20000198   Data         255  gizwits_protocol.o(.bss)
    pRb                                      0x20000297   Data          16  gizwits_protocol.o(.bss)
    __initial_sp                             0x200012d8   Data           0  startup_stm32f103xe.o(STACK)



==============================================================================

Memory Map of the image

  Image Entry point : 0x08000131

  Load Region LR_IROM1 (Base: 0x08000000, Size: 0x00003d9c, Max: 0x00040000, ABSOLUTE)

    Execution Region ER_IROM1 (Exec base: 0x08000000, Load base: 0x08000000, Size: 0x00003d54, Max: 0x00040000, ABSOLUTE)

    Exec Addr    Load Addr    Size         Type   Attr      Idx    E Section Name        Object

    0x08000000   0x08000000   0x00000130   Data   RO            3    RESET               startup_stm32f103xe.o
    0x08000130   0x08000130   0x00000000   Code   RO         3465  * .ARM.Collect$$$$00000000  mc_w.l(entry.o)
    0x08000130   0x08000130   0x00000004   Code   RO         3751    .ARM.Collect$$$$00000001  mc_w.l(entry2.o)
    0x08000134   0x08000134   0x00000004   Code   RO         3754    .ARM.Collect$$$$00000004  mc_w.l(entry5.o)
    0x08000138   0x08000138   0x00000000   Code   RO         3756    .ARM.Collect$$$$00000008  mc_w.l(entry7b.o)
    0x08000138   0x08000138   0x00000000   Code   RO         3758    .ARM.Collect$$$$0000000A  mc_w.l(entry8b.o)
    0x08000138   0x08000138   0x00000008   Code   RO         3759    .ARM.Collect$$$$0000000B  mc_w.l(entry9a.o)
    0x08000140   0x08000140   0x00000000   Code   RO         3761    .ARM.Collect$$$$0000000D  mc_w.l(entry10a.o)
    0x08000140   0x08000140   0x00000000   Code   RO         3763    .ARM.Collect$$$$0000000F  mc_w.l(entry11a.o)
    0x08000140   0x08000140   0x00000004   Code   RO         3752    .ARM.Collect$$$$00002712  mc_w.l(entry2.o)
    0x08000144   0x08000144   0x00000024   Code   RO            4    .text               startup_stm32f103xe.o
    0x08000168   0x08000168   0x00000020   Code   RO         3468    .text               mc_w.l(llushr.o)
    0x08000188   0x08000188   0x00000024   Code   RO         3472    .text               mc_w.l(memcpya.o)
    0x080001ac   0x080001ac   0x00000024   Code   RO         3474    .text               mc_w.l(memseta.o)
    0x080001d0   0x080001d0   0x00000062   Code   RO         3768    .text               mc_w.l(uldiv.o)
    0x08000232   0x08000232   0x00000002   PAD
    0x08000234   0x08000234   0x00000024   Code   RO         3783    .text               mc_w.l(init.o)
    0x08000258   0x08000258   0x0000001e   Code   RO         3785    .text               mc_w.l(llshl.o)
    0x08000276   0x08000276   0x00000002   Code   RO          522    i.BusFault_Handler  stm32f1xx_it.o
    0x08000278   0x08000278   0x00000024   Code   RO          133    i.DHT11_IO_IN       hal_dht11.o
    0x0800029c   0x0800029c   0x00000020   Code   RO          134    i.DHT11_IO_OUT      hal_dht11.o
    0x080002bc   0x080002bc   0x00000002   Code   RO          523    i.DebugMon_Handler  stm32f1xx_it.o
    0x080002be   0x080002be   0x00000004   Code   RO          205    i.Error_Handler     main.o
    0x080002c2   0x080002c2   0x00000002   PAD
    0x080002c4   0x080002c4   0x00000130   Code   RO         2023    i.HAL_DMA_Abort_IT  stm32f1xx_hal_dma.o
    0x080003f4   0x080003f4   0x00000024   Code   RO         1650    i.HAL_Delay         stm32f1xx_hal.o
    0x08000418   0x08000418   0x000001f8   Code   RO         1958    i.HAL_GPIO_Init     stm32f1xx_hal_gpio.o
    0x08000610   0x08000610   0x0000000a   Code   RO         1960    i.HAL_GPIO_ReadPin  stm32f1xx_hal_gpio.o
    0x0800061a   0x0800061a   0x0000000a   Code   RO         1962    i.HAL_GPIO_WritePin  stm32f1xx_hal_gpio.o
    0x08000624   0x08000624   0x0000000c   Code   RO         1654    i.HAL_GetTick       stm32f1xx_hal.o
    0x08000630   0x08000630   0x00000010   Code   RO         1660    i.HAL_IncTick       stm32f1xx_hal.o
    0x08000640   0x08000640   0x00000024   Code   RO         1661    i.HAL_Init          stm32f1xx_hal.o
    0x08000664   0x08000664   0x00000040   Code   RO         1662    i.HAL_InitTick      stm32f1xx_hal.o
    0x080006a4   0x080006a4   0x0000003c   Code   RO          610    i.HAL_MspInit       stm32f1xx_hal_msp.o
    0x080006e0   0x080006e0   0x0000001a   Code   RO         2118    i.HAL_NVIC_EnableIRQ  stm32f1xx_hal_cortex.o
    0x080006fa   0x080006fa   0x00000002   PAD
    0x080006fc   0x080006fc   0x00000040   Code   RO         2124    i.HAL_NVIC_SetPriority  stm32f1xx_hal_cortex.o
    0x0800073c   0x0800073c   0x00000024   Code   RO         2125    i.HAL_NVIC_SetPriorityGrouping  stm32f1xx_hal_cortex.o
    0x08000760   0x08000760   0x00000024   Code   RO         2126    i.HAL_NVIC_SystemReset  stm32f1xx_hal_cortex.o
    0x08000784   0x08000784   0x0000012c   Code   RO         1818    i.HAL_RCC_ClockConfig  stm32f1xx_hal_rcc.o
    0x080008b0   0x080008b0   0x00000020   Code   RO         1825    i.HAL_RCC_GetPCLK1Freq  stm32f1xx_hal_rcc.o
    0x080008d0   0x080008d0   0x00000020   Code   RO         1826    i.HAL_RCC_GetPCLK2Freq  stm32f1xx_hal_rcc.o
    0x080008f0   0x080008f0   0x0000006c   Code   RO         1827    i.HAL_RCC_GetSysClockFreq  stm32f1xx_hal_rcc.o
    0x0800095c   0x0800095c   0x00000320   Code   RO         1830    i.HAL_RCC_OscConfig  stm32f1xx_hal_rcc.o
    0x08000c7c   0x08000c7c   0x00000028   Code   RO         2129    i.HAL_SYSTICK_Config  stm32f1xx_hal_cortex.o
    0x08000ca4   0x08000ca4   0x00000002   Code   RO         1376    i.HAL_TIMEx_BreakCallback  stm32f1xx_hal_tim_ex.o
    0x08000ca6   0x08000ca6   0x00000002   Code   RO         1377    i.HAL_TIMEx_CommutCallback  stm32f1xx_hal_tim_ex.o
    0x08000ca8   0x08000ca8   0x0000007c   Code   RO         1395    i.HAL_TIMEx_MasterConfigSynchronization  stm32f1xx_hal_tim_ex.o
    0x08000d24   0x08000d24   0x0000005a   Code   RO          672    i.HAL_TIM_Base_Init  stm32f1xx_hal_tim.o
    0x08000d7e   0x08000d7e   0x00000002   PAD
    0x08000d80   0x08000d80   0x00000050   Code   RO          339    i.HAL_TIM_Base_MspInit  tim.o
    0x08000dd0   0x08000dd0   0x00000064   Code   RO          675    i.HAL_TIM_Base_Start  stm32f1xx_hal_tim.o
    0x08000e34   0x08000e34   0x0000006c   Code   RO          677    i.HAL_TIM_Base_Start_IT  stm32f1xx_hal_tim.o
    0x08000ea0   0x08000ea0   0x00000026   Code   RO          678    i.HAL_TIM_Base_Stop  stm32f1xx_hal_tim.o
    0x08000ec6   0x08000ec6   0x000000d6   Code   RO          681    i.HAL_TIM_ConfigClockSource  stm32f1xx_hal_tim.o
    0x08000f9c   0x08000f9c   0x00000002   Code   RO          706    i.HAL_TIM_IC_CaptureCallback  stm32f1xx_hal_tim.o
    0x08000f9e   0x08000f9e   0x00000166   Code   RO          720    i.HAL_TIM_IRQHandler  stm32f1xx_hal_tim.o
    0x08001104   0x08001104   0x00000002   Code   RO          723    i.HAL_TIM_OC_DelayElapsedCallback  stm32f1xx_hal_tim.o
    0x08001106   0x08001106   0x00000002   Code   RO          750    i.HAL_TIM_PWM_PulseFinishedCallback  stm32f1xx_hal_tim.o
    0x08001108   0x08001108   0x00000020   Code   RO         3221    i.HAL_TIM_PeriodElapsedCallback  gizwits_product.o
    0x08001128   0x08001128   0x00000002   Code   RO          763    i.HAL_TIM_TriggerCallback  stm32f1xx_hal_tim.o
    0x0800112a   0x0800112a   0x00000002   Code   RO         2639    i.HAL_UART_ErrorCallback  stm32f1xx_hal_uart.o
    0x0800112c   0x0800112c   0x0000015c   Code   RO         2642    i.HAL_UART_IRQHandler  stm32f1xx_hal_uart.o
    0x08001288   0x08001288   0x00000062   Code   RO         2643    i.HAL_UART_Init     stm32f1xx_hal_uart.o
    0x080012ea   0x080012ea   0x00000002   PAD
    0x080012ec   0x080012ec   0x000000cc   Code   RO          387    i.HAL_UART_MspInit  usart.o
    0x080013b8   0x080013b8   0x00000052   Code   RO         2648    i.HAL_UART_Receive_IT  stm32f1xx_hal_uart.o
    0x0800140a   0x0800140a   0x00000002   PAD
    0x0800140c   0x0800140c   0x00000030   Code   RO         3222    i.HAL_UART_RxCpltCallback  gizwits_product.o
    0x0800143c   0x0800143c   0x000000b2   Code   RO         2651    i.HAL_UART_Transmit  stm32f1xx_hal_uart.o
    0x080014ee   0x080014ee   0x0000003e   Code   RO         2653    i.HAL_UART_Transmit_IT  stm32f1xx_hal_uart.o
    0x0800152c   0x0800152c   0x00000002   Code   RO         2654    i.HAL_UART_TxCpltCallback  stm32f1xx_hal_uart.o
    0x0800152e   0x0800152e   0x00000002   Code   RO          524    i.HardFault_Handler  stm32f1xx_it.o
    0x08001530   0x08001530   0x000000cc   Code   RO          314    i.MX_GPIO_Init      gpio.o
    0x080015fc   0x080015fc   0x00000064   Code   RO          340    i.MX_TIM2_Init      tim.o
    0x08001660   0x08001660   0x00000068   Code   RO          341    i.MX_TIM3_Init      tim.o
    0x080016c8   0x080016c8   0x00000038   Code   RO          388    i.MX_USART1_UART_Init  usart.o
    0x08001700   0x08001700   0x00000038   Code   RO          389    i.MX_USART2_UART_Init  usart.o
    0x08001738   0x08001738   0x00000002   Code   RO          525    i.MemManage_Handler  stm32f1xx_it.o
    0x0800173a   0x0800173a   0x00000002   Code   RO          526    i.NMI_Handler       stm32f1xx_it.o
    0x0800173c   0x0800173c   0x00000002   Code   RO          527    i.PendSV_Handler    stm32f1xx_it.o
    0x0800173e   0x0800173e   0x00000002   Code   RO          528    i.SVC_Handler       stm32f1xx_it.o
    0x08001740   0x08001740   0x00000004   Code   RO          529    i.SysTick_Handler   stm32f1xx_it.o
    0x08001744   0x08001744   0x0000005e   Code   RO          206    i.SystemClock_Config  main.o
    0x080017a2   0x080017a2   0x00000002   Code   RO         2940    i.SystemInit        system_stm32f1xx.o
    0x080017a4   0x080017a4   0x0000000c   Code   RO          530    i.TIM2_IRQHandler   stm32f1xx_it.o
    0x080017b0   0x080017b0   0x0000008c   Code   RO          765    i.TIM_Base_SetConfig  stm32f1xx_hal_tim.o
    0x0800183c   0x0800183c   0x00000014   Code   RO          776    i.TIM_ETR_SetConfig  stm32f1xx_hal_tim.o
    0x08001850   0x08001850   0x00000010   Code   RO          777    i.TIM_ITRx_SetConfig  stm32f1xx_hal_tim.o
    0x08001860   0x08001860   0x00000022   Code   RO          783    i.TIM_TI1_ConfigInputStage  stm32f1xx_hal_tim.o
    0x08001882   0x08001882   0x00000024   Code   RO          785    i.TIM_TI2_ConfigInputStage  stm32f1xx_hal_tim.o
    0x080018a6   0x080018a6   0x00000010   Code   RO         2656    i.UART_DMAAbortOnError  stm32f1xx_hal_uart.o
    0x080018b6   0x080018b6   0x0000001c   Code   RO         2666    i.UART_EndRxTransfer  stm32f1xx_hal_uart.o
    0x080018d2   0x080018d2   0x0000008c   Code   RO         2668    i.UART_Receive_IT   stm32f1xx_hal_uart.o
    0x0800195e   0x0800195e   0x00000002   PAD
    0x08001960   0x08001960   0x000000b8   Code   RO         2669    i.UART_SetConfig    stm32f1xx_hal_uart.o
    0x08001a18   0x08001a18   0x00000064   Code   RO         2670    i.UART_WaitOnFlagUntilTimeout  stm32f1xx_hal_uart.o
    0x08001a7c   0x08001a7c   0x0000000c   Code   RO          531    i.USART2_IRQHandler  stm32f1xx_it.o
    0x08001a88   0x08001a88   0x00000002   Code   RO          532    i.UsageFault_Handler  stm32f1xx_it.o
    0x08001a8a   0x08001a8a   0x00000002   PAD
    0x08001a8c   0x08001a8c   0x00000020   Code   RO         3687    i.__0printf$8       mc_w.l(printf8.o)
    0x08001aac   0x08001aac   0x00000020   Code   RO         2131    i.__NVIC_SetPriority  stm32f1xx_hal_cortex.o
    0x08001acc   0x08001acc   0x0000000e   Code   RO         3793    i.__scatterload_copy  mc_w.l(handlers.o)
    0x08001ada   0x08001ada   0x00000002   Code   RO         3794    i.__scatterload_null  mc_w.l(handlers.o)
    0x08001adc   0x08001adc   0x0000000e   Code   RO         3795    i.__scatterload_zeroinit  mc_w.l(handlers.o)
    0x08001aea   0x08001aea   0x00000002   PAD
    0x08001aec   0x08001aec   0x00000410   Code   RO         3694    i._printf_core      mc_w.l(printf8.o)
    0x08001efc   0x08001efc   0x00000024   Code   RO         3695    i._printf_post_padding  mc_w.l(printf8.o)
    0x08001f20   0x08001f20   0x0000002e   Code   RO         3696    i._printf_pre_padding  mc_w.l(printf8.o)
    0x08001f4e   0x08001f4e   0x00000002   PAD
    0x08001f50   0x08001f50   0x00000028   Code   RO           13    i.delay_us          hal_delay.o
    0x08001f78   0x08001f78   0x0000005c   Code   RO          135    i.dht11Check        hal_dht11.o
    0x08001fd4   0x08001fd4   0x00000038   Code   RO          136    i.dht11Init         hal_dht11.o
    0x0800200c   0x0800200c   0x0000005a   Code   RO          137    i.dht11Read         hal_dht11.o
    0x08002066   0x08002066   0x00000002   PAD
    0x08002068   0x08002068   0x00000074   Code   RO          138    i.dht11ReadByte     hal_dht11.o
    0x080020dc   0x080020dc   0x00000034   Code   RO          139    i.dht11Rst          hal_dht11.o
    0x08002110   0x08002110   0x00000010   Code   RO         3032    i.exchangeBytes     common.o
    0x08002120   0x08002120   0x00000004   Code   RO         3033    i.exchangeWord      common.o
    0x08002124   0x08002124   0x00000018   Code   RO          390    i.fputc             usart.o
    0x0800213c   0x0800213c   0x00000058   Code   RO         2977    i.getKey            hal_key.o
    0x08002194   0x08002194   0x000000d0   Code   RO         3316    i.gizCheckReport    gizwits_protocol.o
    0x08002264   0x08002264   0x00000064   Code   RO         3317    i.gizDataPoints2ReportData  gizwits_protocol.o
    0x080022c8   0x080022c8   0x000000c4   Code   RO         3318    i.gizDevReportPolicy  gizwits_protocol.o
    0x0800238c   0x0800238c   0x0000000c   Code   RO         3223    i.gizGetTimerCount  gizwits_product.o
    0x08002398   0x08002398   0x0000007c   Code   RO         3319    i.gizProtocolAckHandle  gizwits_protocol.o
    0x08002414   0x08002414   0x00000098   Code   RO         3320    i.gizProtocolCommonAck  gizwits_protocol.o
    0x080024ac   0x080024ac   0x000000a0   Code   RO         3321    i.gizProtocolErrorCmd  gizwits_protocol.o
    0x0800254c   0x0800254c   0x00000178   Code   RO         3322    i.gizProtocolGetDeviceInfo  gizwits_protocol.o
    0x080026c4   0x080026c4   0x00000160   Code   RO         3323    i.gizProtocolGetOnePacket  gizwits_protocol.o
    0x08002824   0x08002824   0x0000004c   Code   RO         3324    i.gizProtocolHeadInit  gizwits_protocol.o
    0x08002870   0x08002870   0x00000120   Code   RO         3325    i.gizProtocolIssuedDataAck  gizwits_protocol.o
    0x08002990   0x08002990   0x000000e0   Code   RO         3326    i.gizProtocolIssuedProcess  gizwits_protocol.o
    0x08002a70   0x08002a70   0x00000414   Code   RO         3327    i.gizProtocolModuleStatus  gizwits_protocol.o
    0x08002e84   0x08002e84   0x0000006c   Code   RO         3328    i.gizProtocolNTP    gizwits_protocol.o
    0x08002ef0   0x08002ef0   0x00000074   Code   RO         3329    i.gizProtocolResendData  gizwits_protocol.o
    0x08002f64   0x08002f64   0x00000024   Code   RO         3034    i.gizProtocolSum    common.o
    0x08002f88   0x08002f88   0x00000060   Code   RO         3330    i.gizProtocolWaitAck  gizwits_protocol.o
    0x08002fe8   0x08002fe8   0x00000048   Code   RO         3331    i.gizProtocolWaitAckCheck  gizwits_protocol.o
    0x08003030   0x08003030   0x00000068   Code   RO         3332    i.gizPutData        gizwits_protocol.o
    0x08003098   0x08003098   0x000000c4   Code   RO         3333    i.gizReportData     gizwits_protocol.o
    0x0800315c   0x0800315c   0x00000010   Code   RO         3224    i.gizTimerMs        gizwits_product.o
    0x0800316c   0x0800316c   0x00000008   Code   RO         3107    i.gizY2X            datapointtools.o
    0x08003174   0x08003174   0x00000104   Code   RO         3225    i.gizwitsEventProcess  gizwits_product.o
    0x08003278   0x08003278   0x00000344   Code   RO         3336    i.gizwitsHandle     gizwits_protocol.o
    0x080035bc   0x080035bc   0x0000005c   Code   RO         3337    i.gizwitsInit       gizwits_protocol.o
    0x08003618   0x08003618   0x00000118   Code   RO         3339    i.gizwitsSetMode    gizwits_protocol.o
    0x08003730   0x08003730   0x00000034   Code   RO          207    i.key1LongPress     main.o
    0x08003764   0x08003764   0x00000034   Code   RO          208    i.key1ShortPress    main.o
    0x08003798   0x08003798   0x00000034   Code   RO          209    i.key2LongPress     main.o
    0x080037cc   0x080037cc   0x00000030   Code   RO          210    i.key2ShortPress    main.o
    0x080037fc   0x080037fc   0x0000007e   Code   RO         2978    i.keyHandle         hal_key.o
    0x0800387a   0x0800387a   0x00000002   PAD
    0x0800387c   0x0800387c   0x00000078   Code   RO          211    i.keyInit           main.o
    0x080038f4   0x080038f4   0x00000040   Code   RO         2979    i.keyInitOne        hal_key.o
    0x08003934   0x08003934   0x00000018   Code   RO         2980    i.keyParaInit       hal_key.o
    0x0800394c   0x0800394c   0x000000c0   Code   RO          212    i.main              main.o
    0x08003a0c   0x08003a0c   0x0000000a   Code   RO         3226    i.mcuRestart        gizwits_product.o
    0x08003a16   0x08003a16   0x00000032   Code   RO         3168    i.rbCanRead         ringbuffer.o
    0x08003a48   0x08003a48   0x0000001c   Code   RO         3169    i.rbCanWrite        ringbuffer.o
    0x08003a64   0x08003a64   0x0000000c   Code   RO         3170    i.rbCapacity        ringbuffer.o
    0x08003a70   0x08003a70   0x00000012   Code   RO         3171    i.rbCreate          ringbuffer.o
    0x08003a82   0x08003a82   0x0000007e   Code   RO         3173    i.rbRead            ringbuffer.o
    0x08003b00   0x08003b00   0x0000008e   Code   RO         3174    i.rbWrite           ringbuffer.o
    0x08003b8e   0x08003b8e   0x00000002   PAD
    0x08003b90   0x08003b90   0x00000088   Code   RO         2981    i.readKeyValue      hal_key.o
    0x08003c18   0x08003c18   0x0000000c   Code   RO         3227    i.timerInit         gizwits_product.o
    0x08003c24   0x08003c24   0x00000014   Code   RO         3228    i.uartInit          gizwits_product.o
    0x08003c38   0x08003c38   0x000000b8   Code   RO         3229    i.uartWrite         gizwits_product.o
    0x08003cf0   0x08003cf0   0x0000001c   Code   RO         3230    i.userHandle        gizwits_product.o
    0x08003d0c   0x08003d0c   0x00000010   Code   RO         3231    i.userInit          gizwits_product.o
    0x08003d1c   0x08003d1c   0x00000010   Data   RO         2941    .constdata          system_stm32f1xx.o
    0x08003d2c   0x08003d2c   0x00000008   Data   RO         2942    .constdata          system_stm32f1xx.o
    0x08003d34   0x08003d34   0x00000020   Data   RO         3791    Region$$Table       anon$$obj.o


    Execution Region RW_IRAM1 (Exec base: 0x20000000, Load base: 0x08003d54, Size: 0x000012d8, Max: 0x0000c000, ABSOLUTE)

    Exec Addr    Load Addr    Size         Type   Attr      Idx    E Section Name        Object

    0x20000000   0x08003d54   0x00000007   Data   RW          214    .data               main.o
    0x20000007   0x08003d5b   0x00000001   PAD
    0x20000008   0x08003d5c   0x0000000c   Data   RW         1668    .data               stm32f1xx_hal.o
    0x20000014   0x08003d68   0x00000004   Data   RW         2943    .data               system_stm32f1xx.o
    0x20000018   0x08003d6c   0x0000000a   Data   RW         2982    .data               hal_key.o
    0x20000022   0x08003d76   0x00000002   PAD
    0x20000024   0x08003d78   0x00000010   Data   RW         3232    .data               gizwits_product.o
    0x20000034   0x08003d88   0x00000010   Data   RW         3341    .data               gizwits_protocol.o
    0x20000044   0x08003d98   0x00000004   Data   RW         3765    .data               mc_w.l(stdout.o)
    0x20000048        -       0x00000016   Zero   RW          140    .bss                hal_dht11.o
    0x2000005e        -       0x0000002a   Zero   RW          213    .bss                main.o
    0x20000088        -       0x00000090   Zero   RW          342    .bss                tim.o
    0x20000118        -       0x00000080   Zero   RW          391    .bss                usart.o
    0x20000198        -       0x0000013b   Zero   RW         3340    .bss                gizwits_protocol.o
    0x200002d3   0x08003d9c   0x00000005   PAD
    0x200002d8        -       0x00001000   Zero   RW            1    STACK               startup_stm32f103xe.o


==============================================================================

Image component sizes


      Code (inc. data)   RO Data    RW Data    ZI Data      Debug   Object Name

        56          0          0          0          0       2164   common.o
         8          0          0          0          0        577   datapointtools.o
       638        262          0         16          0      10666   gizwits_product.o
      5200       1992          0         16        315      17382   gizwits_protocol.o
       204         14          0          0          0       1003   gpio.o
        40          4          0          0          0     484711   hal_delay.o
       474         54          0          0         22       6748   hal_dht11.o
       438         20          0         10          0       3969   hal_key.o
       614        246          0          7         42      14386   main.o
       376          0          0          0          0       4710   ringbuffer.o
        36          8        304          0       4096        812   startup_stm32f103xe.o
       164         28          0         12          0       6593   stm32f1xx_hal.o
       234         24          0          0          0      29586   stm32f1xx_hal_cortex.o
       304          8          0          0          0       1183   stm32f1xx_hal_dma.o
       524         42          0          0          0       3567   stm32f1xx_hal_gpio.o
        60          8          0          0          0        890   stm32f1xx_hal_msp.o
      1272        100          0          0          0       5252   stm32f1xx_hal_rcc.o
      1162         62          0          0          0      11062   stm32f1xx_hal_tim.o
       128         20          0          0          0       2409   stm32f1xx_hal_tim_ex.o
      1240         10          0          0          0       9834   stm32f1xx_hal_uart.o
        44         12          0          0          0       4848   stm32f1xx_it.o
         2          0         24          4          0       1143   system_stm32f1xx.o
       284         22          0          0        144       2367   tim.o
       340         38          0          0        128     409479   usart.o

    ----------------------------------------------------------------------
     13862       2974        360         68       4752    1035341   Object Totals
         0          0         32          0          0          0   (incl. Generated)
        20          0          0          3          5          0   (incl. Padding)

    ----------------------------------------------------------------------

      Code (inc. data)   RO Data    RW Data    ZI Data      Debug   Library Member Name

         0          0          0          0          0          0   entry.o
         0          0          0          0          0          0   entry10a.o
         0          0          0          0          0          0   entry11a.o
         8          4          0          0          0          0   entry2.o
         4          0          0          0          0          0   entry5.o
         0          0          0          0          0          0   entry7b.o
         0          0          0          0          0          0   entry8b.o
         8          4          0          0          0          0   entry9a.o
        30          0          0          0          0          0   handlers.o
        36          8          0          0          0         68   init.o
        30          0          0          0          0         68   llshl.o
        32          0          0          0          0         68   llushr.o
        36          0          0          0          0         68   memcpya.o
        36          0          0          0          0        108   memseta.o
      1154         54          0          0          0        352   printf8.o
         0          0          0          4          0          0   stdout.o
        98          0          0          0          0         92   uldiv.o

    ----------------------------------------------------------------------
      1478         70          0          4          0        824   Library Totals
         6          0          0          0          0          0   (incl. Padding)

    ----------------------------------------------------------------------

      Code (inc. data)   RO Data    RW Data    ZI Data      Debug   Library Name

      1472         70          0          4          0        824   mc_w.l

    ----------------------------------------------------------------------
      1478         70          0          4          0        824   Library Totals

    ----------------------------------------------------------------------

==============================================================================


      Code (inc. data)   RO Data    RW Data    ZI Data      Debug   

     15340       3044        360         72       4752    1029297   Grand Totals
     15340       3044        360         72       4752    1029297   ELF Image Totals
     15340       3044        360         72          0          0   ROM Totals

==============================================================================

    Total RO  Size (Code + RO Data)                15700 (  15.33kB)
    Total RW  Size (RW Data + ZI Data)              4824 (   4.71kB)
    Total ROM Size (Code + RO Data + RW Data)      15772 (  15.40kB)

==============================================================================

